 win32_main

 Timestamp is 5e5d41b0 (Mon Mar  2 10:26:08 2020)

 Preferred load address is 00400000

 Start         Length     Name                   Class
 0001:00000000 00001f80H .text$di                CODE
 0001:00001f80 00036b40H .text$mn                CODE
 0001:00038ac0 000014f0H .text$x                 CODE
 0001:00039fb0 00001037H .text$yd                CODE
 0002:00000000 00000104H .CRT$XCA                DATA
 0002:00000104 00000104H .CRT$XCAA               DATA
 0002:00000208 0000010cH .CRT$XCU                DATA
 0002:00000314 00000104H .CRT$XCZ                DATA
 0002:00000418 00000104H .CRT$XIA                DATA
 0002:0000051c 00000104H .CRT$XIAA               DATA
 0002:00000620 00000104H .CRT$XIAC               DATA
 0002:00000724 00000104H .CRT$XIZ                DATA
 0002:00000828 00000104H .CRT$XPA                DATA
 0002:0000092c 00000104H .CRT$XPZ                DATA
 0002:00000a30 00000104H .CRT$XTA                DATA
 0002:00000b34 0000010cH .CRT$XTZ                DATA
 0002:00000c40 00027260H .rdata                  DATA
 0002:00027ea0 00000280H .rdata$r                DATA
 0002:00028120 00000178H .rdata$sxdata           DATA
 0002:00028298 00000184H .rdata$zzzdbg           DATA
 0002:0002841c 00000104H .rtc$IAA                DATA
 0002:00028520 00000104H .rtc$IZZ                DATA
 0002:00028624 00000104H .rtc$TAA                DATA
 0002:00028728 00000108H .rtc$TZZ                DATA
 0002:00028830 000007daH .xdata$x                DATA
 0002:0002900a 00000000H .edata                  DATA
 0003:00000000 00002f98H .data                   DATA
 0003:00002f98 00000198H .data$r                 DATA
 0003:00003130 0000307cH .bss                    DATA
 0004:00000000 00000698H .idata$5                DATA
 0004:00000698 00000118H .idata$2                DATA
 0004:000007b0 00000014H .idata$3                DATA
 0004:000007c4 00000698H .idata$4                DATA
 0004:00000e5c 000017c1H .idata$6                DATA
 0005:00000000 00000175H .gfids$y                DATA
 0006:00000000 00000104H .00cfg                  DATA

  Address         Publics by Value              Rva+Base       Lib:Object

 0000:00000000       ___guard_longjmp_count     00000000     <absolute>
 0000:00000000       ___guard_longjmp_table     00000000     <absolute>
 0000:00000000       ___guard_fids_count        00000000     <absolute>
 0000:00000000       ___dynamic_value_reloc_table 00000000     <absolute>
 0000:00000000       ___guard_iat_count         00000000     <absolute>
 0000:00000000       ___guard_iat_table         00000000     <absolute>
 0000:00000000       ___guard_fids_table        00000000     <absolute>
 0000:00000019       ___safe_se_handler_count   00000019     <absolute>
 0000:00000100       ___guard_flags             00000100     <absolute>
 0000:00000000       ___ImageBase               00400000     <linker-defined>
 0001:00001f80       ?debug_printMsg@@YAXV?$basic_string@DU?$char_traits@D@std@@V?$allocator@D@2@@std@@@Z 00402f80 f   win32_main.obj
 0001:00001ff0       ?debug_printFloat@@YAXM@Z  00402ff0 f   win32_main.obj
 0001:00002040       ?Homogenize@@YA?AUMat3@@UMat2@@@Z 00403040 f   win32_main.obj
 0001:000020d0       _stbi_load_from_memory     004030d0 f   win32_main.obj
 0001:00002130       _stbi_load_from_callbacks  00403130 f   win32_main.obj
 0001:00002190       _stbi_load                 00403190 f   win32_main.obj
 0001:00002210       _stbi_load_from_file       00403210 f   win32_main.obj
 0001:00002290       _stbi_load_gif_from_memory 00403290 f   win32_main.obj
 0001:00002330       _stbi_load_16_from_memory  00403330 f   win32_main.obj
 0001:00002390       _stbi_load_16_from_callbacks 00403390 f   win32_main.obj
 0001:000023f0       _stbi_load_16              004033f0 f   win32_main.obj
 0001:00002470       _stbi_load_from_file_16    00403470 f   win32_main.obj
 0001:000024f0       _stbi_loadf_from_memory    004034f0 f   win32_main.obj
 0001:00002550       _stbi_loadf_from_callbacks 00403550 f   win32_main.obj
 0001:000025b0       _stbi_loadf                004035b0 f   win32_main.obj
 0001:00002630       _stbi_loadf_from_file      00403630 f   win32_main.obj
 0001:00002690       _stbi_hdr_to_ldr_gamma     00403690 f   win32_main.obj
 0001:000026b0       _stbi_hdr_to_ldr_scale     004036b0 f   win32_main.obj
 0001:000026d0       _stbi_ldr_to_hdr_gamma     004036d0 f   win32_main.obj
 0001:000026f0       _stbi_ldr_to_hdr_scale     004036f0 f   win32_main.obj
 0001:00002710       _stbi_is_hdr_from_callbacks 00403710 f   win32_main.obj
 0001:00002760       _stbi_is_hdr_from_memory   00403760 f   win32_main.obj
 0001:000027b0       _stbi_is_hdr               004037b0 f   win32_main.obj
 0001:00002800       _stbi_is_hdr_from_file     00403800 f   win32_main.obj
 0001:00002880       _stbi_failure_reason       00403880 f   win32_main.obj
 0001:00002890       _stbi_image_free           00403890 f   win32_main.obj
 0001:000028b0       _stbi_info_from_memory     004038b0 f   win32_main.obj
 0001:00002910       _stbi_info_from_callbacks  00403910 f   win32_main.obj
 0001:00002970       _stbi_is_16_bit_from_memory 00403970 f   win32_main.obj
 0001:000029c0       _stbi_is_16_bit_from_callbacks 004039c0 f   win32_main.obj
 0001:00002a10       _stbi_info                 00403a10 f   win32_main.obj
 0001:00002a70       _stbi_info_from_file       00403a70 f   win32_main.obj
 0001:00002b00       _stbi_is_16_bit            00403b00 f   win32_main.obj
 0001:00002b60       _stbi_is_16_bit_from_file  00403b60 f   win32_main.obj
 0001:00002be0       _stbi_set_unpremultiply_on_load 00403be0 f   win32_main.obj
 0001:00002bf0       _stbi_convert_iphone_png_to_rgb 00403bf0 f   win32_main.obj
 0001:00002c00       _stbi_set_flip_vertically_on_load 00403c00 f   win32_main.obj
 0001:00002c10       _stbi_zlib_decode_malloc_guesssize 00403c10 f   win32_main.obj
 0001:00002cc0       _stbi_zlib_decode_malloc_guesssize_headerflag 00403cc0 f   win32_main.obj
 0001:00002d70       _stbi_zlib_decode_malloc   00403d70 f   win32_main.obj
 0001:00002d90       _stbi_zlib_decode_buffer   00403d90 f   win32_main.obj
 0001:00002e00       _stbi_zlib_decode_noheader_malloc 00403e00 f   win32_main.obj
 0001:00002eb0       _stbi_zlib_decode_noheader_buffer 00403eb0 f   win32_main.obj
 0001:00017490       ?buildAndLinkShaders@@YAIV?$basic_string@DU?$char_traits@D@std@@V?$allocator@D@2@@std@@0@Z 00418490 f   win32_main.obj
 0001:00017710       ?window_framebufferSizeCallback@@YAXPAUGLFWwindow@@HH@Z 00418710 f   win32_main.obj
 0001:00017730       ?key_callback@@YAXPAUGLFWwindow@@HHHH@Z 00418730 f   win32_main.obj
 0001:00017780       _main                      00418780 f   win32_main.obj
 0001:0001d8d0       ??$?0$$V@?$_Compressed_pair@U?$_Wrap_alloc@V?$allocator@D@std@@@std@@V?$_String_val@U?$_Simple_types@D@std@@@2@$00@std@@QAE@U_Zero_then_variadic_args_t@1@@Z 0041e8d0 f i win32_main.obj
 0001:0001d900       ??$?0$$V@?$_Compressed_pair@U?$_Wrap_alloc@V?$allocator@D@std@@@std@@V?$_Vector_val@U?$_Simple_types@D@std@@@2@$00@std@@QAE@U_Zero_then_variadic_args_t@1@@Z 0041e900 f i win32_main.obj
 0001:0001d930       ??$?0ABV?$allocator@D@std@@$$V@?$_Compressed_pair@U?$_Wrap_alloc@V?$allocator@D@std@@@std@@V?$_String_val@U?$_Simple_types@D@std@@@2@$00@std@@QAE@U_One_then_variadic_args_t@1@ABV?$allocator@D@1@@Z 0041e930 f i win32_main.obj
 0001:0001d970       ??$?0ABV?$allocator@D@std@@@?$_Wrap_alloc@V?$allocator@D@std@@@std@@QAE@ABV?$allocator@D@1@@Z 0041e970 f i win32_main.obj
 0001:0001d9a0       ??$?0ABV?$allocator@D@std@@X@?$_String_alloc@U?$_String_base_types@DV?$allocator@D@std@@@std@@@std@@QAE@ABV?$allocator@D@1@@Z 0041e9a0 f i win32_main.obj
 0001:0001d9e0       ??$?0U?$_Wrap_alloc@V?$allocator@D@std@@@std@@$$V@?$_Compressed_pair@U?$_Wrap_alloc@V?$allocator@D@std@@@std@@V?$_String_val@U?$_Simple_types@D@std@@@2@$00@std@@QAE@U_One_then_variadic_args_t@1@$$QAU?$_Wrap_alloc@V?$allocator@D@std@@@1@@Z 0041e9e0 f i win32_main.obj
 0001:0001da20       ??$?0U?$_Wrap_alloc@V?$allocator@D@std@@@std@@X@?$_String_alloc@U?$_String_base_types@DV?$allocator@D@std@@@std@@@std@@QAE@$$QAU?$_Wrap_alloc@V?$allocator@D@std@@@1@@Z 0041ea20 f i win32_main.obj
 0001:0001da60       ??$?0V?$_Vector_iterator@V?$_Vector_val@U?$_Simple_types@D@std@@@std@@@std@@X@?$basic_string@DU?$char_traits@D@std@@V?$allocator@D@2@@std@@QAE@V?$_Vector_iterator@V?$_Vector_val@U?$_Simple_types@D@std@@@std@@@1@0ABV?$allocator@D@1@@Z 0041ea60 f i win32_main.obj
 0001:0001db20       ??$?0V?$allocator@D@std@@@?$_Wrap_alloc@V?$allocator@D@std@@@std@@QAE@$$QAV?$allocator@D@1@@Z 0041eb20 f i win32_main.obj
 0001:0001db50       ??$?6DU?$char_traits@D@std@@V?$allocator@D@1@@std@@YAAAV?$basic_ostream@DU?$char_traits@D@std@@@0@AAV10@ABV?$basic_string@DU?$char_traits@D@std@@V?$allocator@D@2@@0@@Z 0041eb50 f i win32_main.obj
 0001:0001dee0       ??$?6U?$char_traits@D@std@@@std@@YAAAV?$basic_ostream@DU?$char_traits@D@std@@@0@AAV10@D@Z 0041eee0 f i win32_main.obj
 0001:0001e280       ??$?RV?$mersenne_twister_engine@I$0CA@$0CHA@$0BIN@$0BP@$0JJAILANP@$0L@$0PPPPPPPP@$06$0JNCMFGIA@$0P@$0OPMGAAAA@$0BC@$0GMAHIJGF@@std@@@?$normal_distribution@M@std@@QAEMAAV?$mersenne_twister_engine@I$0CA@$0CHA@$0BIN@$0BP@$0JJAILANP@$0L@$0PPPPPPPP@$06$0JNCMFGIA@$0P@$0OPMGAAAA@$0BC@$0GMAHIJGF@@1@@Z 0041f280 f i win32_main.obj
 0001:0001e2b0       ??$?RV?$mersenne_twister_engine@I$0CA@$0CHA@$0BIN@$0BP@$0JJAILANP@$0L@$0PPPPPPPP@$06$0JNCMFGIA@$0P@$0OPMGAAAA@$0BC@$0GMAHIJGF@@std@@@?$uniform_real@M@std@@QBEMAAV?$mersenne_twister_engine@I$0CA@$0CHA@$0BIN@$0BP@$0JJAILANP@$0L@$0PPPPPPPP@$06$0JNCMFGIA@$0P@$0OPMGAAAA@$0BC@$0GMAHIJGF@@1@@Z 0041f2b0 f i win32_main.obj
 0001:0001e2e0       ??$_Destroy_range1@V?$allocator@D@std@@PAD@std@@YAXPAD0AAU?$_Wrap_alloc@V?$allocator@D@std@@@0@U?$integral_constant@_N$00@0@@Z 0041f2e0 f i win32_main.obj
 0001:0001e2f0       ??$_Destroy_range@V?$allocator@D@std@@PAD@std@@YAXPAD0AAU?$_Wrap_alloc@V?$allocator@D@std@@@0@@Z 0041f2f0 f i win32_main.obj
 0001:0001e320       ??$_Eval@V?$mersenne_twister_engine@I$0CA@$0CHA@$0BIN@$0BP@$0JJAILANP@$0L@$0PPPPPPPP@$06$0JNCMFGIA@$0P@$0OPMGAAAA@$0BC@$0GMAHIJGF@@std@@@?$normal_distribution@M@std@@AAEMAAV?$mersenne_twister_engine@I$0CA@$0CHA@$0BIN@$0BP@$0JJAILANP@$0L@$0PPPPPPPP@$06$0JNCMFGIA@$0P@$0OPMGAAAA@$0BC@$0GMAHIJGF@@1@ABUparam_type@01@_N@Z 0041f320 f i win32_main.obj
 0001:0001e4b0       ??$_Eval@V?$mersenne_twister_engine@I$0CA@$0CHA@$0BIN@$0BP@$0JJAILANP@$0L@$0PPPPPPPP@$06$0JNCMFGIA@$0P@$0OPMGAAAA@$0BC@$0GMAHIJGF@@std@@@?$uniform_real@M@std@@ABEMAAV?$mersenne_twister_engine@I$0CA@$0CHA@$0BIN@$0BP@$0JJAILANP@$0L@$0PPPPPPPP@$06$0JNCMFGIA@$0P@$0OPMGAAAA@$0BC@$0GMAHIJGF@@1@ABUparam_type@01@@Z 0041f4b0 f i win32_main.obj
 0001:0001e510       ??$_Unchecked@V?$_Vector_val@U?$_Simple_types@D@std@@@std@@@std@@YAPADV?$_Vector_iterator@V?$_Vector_val@U?$_Simple_types@D@std@@@std@@@0@@Z 0041f510 f i win32_main.obj
 0001:0001e520       ??$_Unfancy@D@std@@YAPADPAD@Z 0041f520 f i win32_main.obj
 0001:0001e530       ??$_Uninitialized_default_fill_n1@PADIV?$allocator@D@std@@@std@@YAXPADIAAU?$_Wrap_alloc@V?$allocator@D@std@@@0@U?$integral_constant@_N$00@0@@Z 0041f530 f i win32_main.obj
 0001:0001e550       ??$_Uninitialized_default_fill_n@PADIV?$allocator@D@std@@@std@@YAXPADIAAU?$_Wrap_alloc@V?$allocator@D@std@@@0@@Z 0041f550 f i win32_main.obj
 0001:0001e580       ??$addressof@PAD@std@@YAPAPADAAPAD@Z 0041f580 f i win32_main.obj
 0001:0001e590       ??$construct@PADAAPAD@?$_Wrap_alloc@V?$allocator@D@std@@@std@@QAEXPAPADAAPAD@Z 0041f590 f i win32_main.obj
 0001:0001e5d0       ??$construct@PADAAPAD@?$allocator@D@std@@QAEXPAPADAAPAD@Z 0041f5d0 f i win32_main.obj
 0001:0001e630       ??$construct@PADAAPAD@?$allocator_traits@V?$allocator@D@std@@@std@@SAXAAV?$allocator@D@1@PAPADAAPAD@Z 0041f630 f i win32_main.obj
 0001:0001e660       ??$destroy@PAD@?$_Wrap_alloc@V?$allocator@D@std@@@std@@QAEXPAPAD@Z 0041f660 f i win32_main.obj
 0001:0001e690       ??$destroy@PAD@?$allocator@D@std@@QAEXPAPAD@Z 0041f690 f i win32_main.obj
 0001:0001e6a0       ??$destroy@PAD@?$allocator_traits@V?$allocator@D@std@@@std@@SAXAAV?$allocator@D@1@PAPAD@Z 0041f6a0 f i win32_main.obj
 0001:0001e6c0       ??$endl@DU?$char_traits@D@std@@@std@@YAAAV?$basic_ostream@DU?$char_traits@D@std@@@0@AAV10@@Z 0041f6c0 f i win32_main.obj
 0001:0001e700       ??$forward@AAPAD@std@@YAAAPADAAPAD@Z 0041f700 f i win32_main.obj
 0001:0001e710       ??$forward@ABV?$allocator@D@std@@@std@@YAABV?$allocator@D@0@ABV10@@Z 0041f710 f i win32_main.obj
 0001:0001e720       ??$forward@U?$_Wrap_alloc@V?$allocator@D@std@@@std@@@std@@YA$$QAU?$_Wrap_alloc@V?$allocator@D@std@@@0@AAU10@@Z 0041f720 f i win32_main.obj
 0001:0001e730       ??$forward@V?$allocator@D@std@@@std@@YA$$QAV?$allocator@D@0@AAV10@@Z 0041f730 f i win32_main.obj
 0001:0001e740       ??$generate_canonical@M$0PPPPPPPP@V?$mersenne_twister_engine@I$0CA@$0CHA@$0BIN@$0BP@$0JJAILANP@$0L@$0PPPPPPPP@$06$0JNCMFGIA@$0P@$0OPMGAAAA@$0BC@$0GMAHIJGF@@std@@@std@@YAMAAV?$mersenne_twister_engine@I$0CA@$0CHA@$0BIN@$0BP@$0JJAILANP@$0L@$0PPPPPPPP@$06$0JNCMFGIA@$0P@$0OPMGAAAA@$0BC@$0GMAHIJGF@@0@@Z 0041f740 f i win32_main.obj
 0001:0001e900       ??$move@AAU?$_Wrap_alloc@V?$allocator@D@std@@@std@@@std@@YA$$QAU?$_Wrap_alloc@V?$allocator@D@std@@@0@AAU10@@Z 0041f900 f i win32_main.obj
 0001:0001e910       ??0?$_String_alloc@U?$_String_base_types@DV?$allocator@D@std@@@std@@@std@@QAE@XZ 0041f910 f i win32_main.obj
 0001:0001e940       ??0?$_String_val@U?$_Simple_types@D@std@@@std@@QAE@XZ 0041f940 f i win32_main.obj
 0001:0001e980       ??0?$_Vector_alloc@U?$_Vec_base_types@DV?$allocator@D@std@@@std@@@std@@QAE@XZ 0041f980 f i win32_main.obj
 0001:0001e9b0       ??0?$_Vector_const_iterator@V?$_Vector_val@U?$_Simple_types@D@std@@@std@@@std@@QAE@PADPBU_Container_base0@1@@Z 0041f9b0 f i win32_main.obj
 0001:0001e9e0       ??0?$_Vector_iterator@V?$_Vector_val@U?$_Simple_types@D@std@@@std@@@std@@QAE@PADPBU_Container_base0@1@@Z 0041f9e0 f i win32_main.obj
 0001:0001ea10       ??0?$_Vector_val@U?$_Simple_types@D@std@@@std@@QAE@XZ 0041fa10 f i win32_main.obj
 0001:0001ea50       ??0?$_Wrap_alloc@V?$allocator@D@std@@@std@@QAE@$$QAU01@@Z 0041fa50 f i win32_main.obj
 0001:0001ea80       ??0?$_Wrap_alloc@V?$allocator@D@std@@@std@@QAE@XZ 0041fa80 f i win32_main.obj
 0001:0001eaa0       ??0?$allocator@D@std@@QAE@ABV01@@Z 0041faa0 f i win32_main.obj
 0001:0001eac0       ??0?$allocator@D@std@@QAE@XZ 0041fac0 f i win32_main.obj
 0001:0001eae0       ??0?$basic_string@DU?$char_traits@D@std@@V?$allocator@D@2@@std@@QAE@ABV01@@Z 0041fae0 f i win32_main.obj
 0001:0001eb90       ??0?$basic_string@DU?$char_traits@D@std@@V?$allocator@D@2@@std@@QAE@PBD@Z 0041fb90 f i win32_main.obj
 0001:0001ec20       ??0?$mersenne_twister@I$0CA@$0CHA@$0BIN@$0BP@$0JJAILANP@$0L@$06$0JNCMFGIA@$0P@$0OPMGAAAA@$0BC@@std@@QAE@III@Z 0041fc20 f i win32_main.obj
 0001:0001ec60       ??0?$mersenne_twister_engine@I$0CA@$0CHA@$0BIN@$0BP@$0JJAILANP@$0L@$0PPPPPPPP@$06$0JNCMFGIA@$0P@$0OPMGAAAA@$0BC@$0GMAHIJGF@@std@@QAE@I@Z 0041fc60 f i win32_main.obj
 0001:0001ec90       ??0?$normal_distribution@M@std@@QAE@MM@Z 0041fc90 f i win32_main.obj
 0001:0001ece0       ??0?$uniform_real@M@std@@QAE@MM@Z 0041fce0 f i win32_main.obj
 0001:0001ed20       ??0?$uniform_real_distribution@M@std@@QAE@MM@Z 0041fd20 f i win32_main.obj
 0001:0001ed60       ??0?$vector@DV?$allocator@D@std@@@std@@QAE@I@Z 0041fd60 f i win32_main.obj
 0001:0001ee60       ??0_Bxty@?$_String_val@U?$_Simple_types@D@std@@@std@@QAE@XZ 0041fe60 f i win32_main.obj
 0001:0001ee80       ??0_Sentry_base@?$basic_ostream@DU?$char_traits@D@std@@@std@@QAE@AAV12@@Z 0041fe80 f i win32_main.obj
 0001:0001ef00       ??0param_type@?$normal_distribution@M@std@@QAE@MM@Z 0041ff00 f i win32_main.obj
 0001:0001ef40       ??0param_type@?$uniform_real@M@std@@QAE@MM@Z 0041ff40 f i win32_main.obj
 0001:0001ef80       ??0random_device@std@@QAE@ABV?$basic_string@DU?$char_traits@D@std@@V?$allocator@D@2@@1@@Z 0041ff80 f i win32_main.obj
 0001:0001efa0       ??0sentry@?$basic_ostream@DU?$char_traits@D@std@@@std@@QAE@AAV12@@Z 0041ffa0 f i win32_main.obj
 0001:0001f0a0       ??1?$_Compressed_pair@U?$_Wrap_alloc@V?$allocator@D@std@@@std@@V?$_String_val@U?$_Simple_types@D@std@@@2@$00@std@@QAE@XZ 004200a0 f i win32_main.obj
 0001:0001f0c0       ??1?$_String_alloc@U?$_String_base_types@DV?$allocator@D@std@@@std@@@std@@QAE@XZ 004200c0 f i win32_main.obj
 0001:0001f0e0       ??1?$_String_val@U?$_Simple_types@D@std@@@std@@QAE@XZ 004200e0 f i win32_main.obj
 0001:0001f100       ??1?$basic_string@DU?$char_traits@D@std@@V?$allocator@D@2@@std@@QAE@XZ 00420100 f i win32_main.obj
 0001:0001f160       ??1?$vector@DV?$allocator@D@std@@@std@@QAE@XZ 00420160 f i win32_main.obj
 0001:0001f1b0       ??1_Bxty@?$_String_val@U?$_Simple_types@D@std@@@std@@QAE@XZ 004201b0 f i win32_main.obj
 0001:0001f1c0       ??1_Sentry_base@?$basic_ostream@DU?$char_traits@D@std@@@std@@QAE@XZ 004201c0 f i win32_main.obj
 0001:0001f260       ??1sentry@?$basic_ostream@DU?$char_traits@D@std@@@std@@QAE@XZ 00420260 f i win32_main.obj
 0001:0001f2d0       ??2@YAPAXIPAX@Z            004202d0 f i win32_main.obj
 0001:0001f2e0       ??A?$vector@DV?$allocator@D@std@@@std@@QAEAADI@Z 004202e0 f i win32_main.obj
 0001:0001f300       ??Bsentry@?$basic_ostream@DU?$char_traits@D@std@@@std@@QBE_NXZ 00420300 f i win32_main.obj
 0001:0001f320       ??R?$mersenne_twister@I$0CA@$0CHA@$0BIN@$0BP@$0JJAILANP@$0L@$06$0JNCMFGIA@$0P@$0OPMGAAAA@$0BC@@std@@QAEIXZ 00420320 f i win32_main.obj
 0001:0001f3e0       ??Rrandom_device@std@@QAEIXZ 004203e0 f i win32_main.obj
 0001:0001f400       ?_Adopt@_Iterator_base0@std@@QAEXPBX@Z 00420400 f i win32_main.obj
 0001:0001f410       ?_Allocate@std@@YAPAXII_N@Z 00420410 f i win32_main.obj
 0001:0001f500       ?_Buy@?$vector@DV?$allocator@D@std@@@std@@IAE_NI@Z 00420500 f i win32_main.obj
 0001:0001f5e0       ?_Bx@?$_String_alloc@U?$_String_base_types@DV?$allocator@D@std@@@std@@@std@@QAEAAT_Bxty@?$_String_val@U?$_Simple_types@D@std@@@2@XZ 004205e0 f i win32_main.obj
 0001:0001f600       ?_Check_offset@?$basic_string@DU?$char_traits@D@std@@V?$allocator@D@2@@std@@QBEXI@Z 00420600 f i win32_main.obj
 0001:0001f630       ?_Clamp_suffix_size@?$basic_string@DU?$char_traits@D@std@@V?$allocator@D@2@@std@@QBEIII@Z 00420630 f i win32_main.obj
 0001:0001f670       ?_Construct@?$basic_string@DU?$char_traits@D@std@@V?$allocator@D@2@@std@@QAEXPAD0Urandom_access_iterator_tag@2@@Z 00420670 f i win32_main.obj
 0001:0001f6b0       ?_Copy@?$basic_string@DU?$char_traits@D@std@@V?$allocator@D@2@@std@@QAEXII@Z 004206b0 f i win32_main.obj
 0001:0001f900       ?_Deallocate@std@@YAXPAXII@Z 00420900 f i win32_main.obj
 0001:0001f9c0       ?_Destroy@?$vector@DV?$allocator@D@std@@@std@@IAEXPAD0@Z 004209c0 f i win32_main.obj
 0001:0001f9f0       ?_Eos@?$basic_string@DU?$char_traits@D@std@@V?$allocator@D@2@@std@@QAEXI@Z 004209f0 f i win32_main.obj
 0001:0001fa40       ?_Get_data@?$_String_alloc@U?$_String_base_types@DV?$allocator@D@std@@@std@@@std@@QAEAAV?$_String_val@U?$_Simple_types@D@std@@@2@XZ 00420a40 f i win32_main.obj
 0001:0001fa60       ?_Get_data@?$_String_alloc@U?$_String_base_types@DV?$allocator@D@std@@@std@@@std@@QBEABV?$_String_val@U?$_Simple_types@D@std@@@2@XZ 00420a60 f i win32_main.obj
 0001:0001fa80       ?_Get_data@?$_Vector_alloc@U?$_Vec_base_types@DV?$allocator@D@std@@@std@@@std@@QAEAAV?$_Vector_val@U?$_Simple_types@D@std@@@2@XZ 00420a80 f i win32_main.obj
 0001:0001faa0       ?_Get_first@?$_Compressed_pair@U?$_Wrap_alloc@V?$allocator@D@std@@@std@@V?$_String_val@U?$_Simple_types@D@std@@@2@$00@std@@QAEAAU?$_Wrap_alloc@V?$allocator@D@std@@@2@XZ 00420aa0 f i win32_main.obj
 0001:0001fac0       ?_Get_first@?$_Compressed_pair@U?$_Wrap_alloc@V?$allocator@D@std@@@std@@V?$_String_val@U?$_Simple_types@D@std@@@2@$00@std@@QBEABU?$_Wrap_alloc@V?$allocator@D@std@@@2@XZ 00420ac0 f i win32_main.obj
 0001:0001fae0       ?_Get_first@?$_Compressed_pair@U?$_Wrap_alloc@V?$allocator@D@std@@@std@@V?$_Vector_val@U?$_Simple_types@D@std@@@2@$00@std@@QAEAAU?$_Wrap_alloc@V?$allocator@D@std@@@2@XZ 00420ae0 f i win32_main.obj
 0001:0001fb00       ?_Get_first@?$_Compressed_pair@U?$_Wrap_alloc@V?$allocator@D@std@@@std@@V?$_Vector_val@U?$_Simple_types@D@std@@@2@$00@std@@QBEABU?$_Wrap_alloc@V?$allocator@D@std@@@2@XZ 00420b00 f i win32_main.obj
 0001:0001fb20       ?_Get_second@?$_Compressed_pair@U?$_Wrap_alloc@V?$allocator@D@std@@@std@@V?$_String_val@U?$_Simple_types@D@std@@@2@$00@std@@QAEAAV?$_String_val@U?$_Simple_types@D@std@@@2@XZ 00420b20 f i win32_main.obj
 0001:0001fb40       ?_Get_second@?$_Compressed_pair@U?$_Wrap_alloc@V?$allocator@D@std@@@std@@V?$_String_val@U?$_Simple_types@D@std@@@2@$00@std@@QBEABV?$_String_val@U?$_Simple_types@D@std@@@2@XZ 00420b40 f i win32_main.obj
 0001:0001fb60       ?_Get_second@?$_Compressed_pair@U?$_Wrap_alloc@V?$allocator@D@std@@@std@@V?$_Vector_val@U?$_Simple_types@D@std@@@2@$00@std@@QAEAAV?$_Vector_val@U?$_Simple_types@D@std@@@2@XZ 00420b60 f i win32_main.obj
 0001:0001fb80       ?_Getal@?$_String_alloc@U?$_String_base_types@DV?$allocator@D@std@@@std@@@std@@QAEAAU?$_Wrap_alloc@V?$allocator@D@std@@@2@XZ 00420b80 f i win32_main.obj
 0001:0001fba0       ?_Getal@?$_String_alloc@U?$_String_base_types@DV?$allocator@D@std@@@std@@@std@@QBEABU?$_Wrap_alloc@V?$allocator@D@std@@@2@XZ 00420ba0 f i win32_main.obj
 0001:0001fbc0       ?_Getal@?$_Vector_alloc@U?$_Vec_base_types@DV?$allocator@D@std@@@std@@@std@@QAEAAU?$_Wrap_alloc@V?$allocator@D@std@@@2@XZ 00420bc0 f i win32_main.obj
 0001:0001fbe0       ?_Getal@?$_Vector_alloc@U?$_Vec_base_types@DV?$allocator@D@std@@@std@@@std@@QBEABU?$_Wrap_alloc@V?$allocator@D@std@@@2@XZ 00420be0 f i win32_main.obj
 0001:0001fc00       ?_Grow@?$basic_string@DU?$char_traits@D@std@@V?$allocator@D@2@@std@@QAE_NI_N@Z 00420c00 f i win32_main.obj
 0001:0001fcf0       ?_Init@param_type@?$normal_distribution@M@std@@QAEXMM@Z 00420cf0 f i win32_main.obj
 0001:0001fd20       ?_Init@param_type@?$uniform_real@M@std@@QAEXMM@Z 00420d20 f i win32_main.obj
 0001:0001fd50       ?_Inside@?$basic_string@DU?$char_traits@D@std@@V?$allocator@D@2@@std@@QAE_NPBD@Z 00420d50 f i win32_main.obj
 0001:0001fdb0       ?_Myend@?$_Vector_alloc@U?$_Vec_base_types@DV?$allocator@D@std@@@std@@@std@@QAEAAPADXZ 00420db0 f i win32_main.obj
 0001:0001fdd0       ?_Myfirst@?$_Vector_alloc@U?$_Vec_base_types@DV?$allocator@D@std@@@std@@@std@@QAEAAPADXZ 00420dd0 f i win32_main.obj
 0001:0001fdf0       ?_Mylast@?$_Vector_alloc@U?$_Vec_base_types@DV?$allocator@D@std@@@std@@@std@@QAEAAPADXZ 00420df0 f i win32_main.obj
 0001:0001fe10       ?_Myptr@?$_String_alloc@U?$_String_base_types@DV?$allocator@D@std@@@std@@@std@@QAEPADXZ 00420e10 f i win32_main.obj
 0001:0001fe30       ?_Myptr@?$_String_alloc@U?$_String_base_types@DV?$allocator@D@std@@@std@@@std@@QBEPBDXZ 00420e30 f i win32_main.obj
 0001:0001fe50       ?_Myptr@?$_String_val@U?$_Simple_types@D@std@@@std@@QAEPADXZ 00420e50 f i win32_main.obj
 0001:0001fe90       ?_Myptr@?$_String_val@U?$_Simple_types@D@std@@@std@@QBEPBDXZ 00420e90 f i win32_main.obj
 0001:0001fed0       ?_Myres@?$_String_alloc@U?$_String_base_types@DV?$allocator@D@std@@@std@@@std@@QAEAAIXZ 00420ed0 f i win32_main.obj
 0001:0001fef0       ?_Mysize@?$_String_alloc@U?$_String_base_types@DV?$allocator@D@std@@@std@@@std@@QAEAAIXZ 00420ef0 f i win32_main.obj
 0001:0001ff10       ?_Mysize@?$_String_alloc@U?$_String_base_types@DV?$allocator@D@std@@@std@@@std@@QBEABIXZ 00420f10 f i win32_main.obj
 0001:0001ff30       ?_Orphan_all@?$_Vector_alloc@U?$_Vec_base_types@DV?$allocator@D@std@@@std@@@std@@QAEXXZ 00420f30 f i win32_main.obj
 0001:0001ff50       ?_Orphan_all@_Container_base0@std@@QAEXXZ 00420f50 f i win32_main.obj
 0001:0001ff60       ?_Refill_lower@?$mersenne_twister@I$0CA@$0CHA@$0BIN@$0BP@$0JJAILANP@$0L@$06$0JNCMFGIA@$0P@$0OPMGAAAA@$0BC@@std@@IAEXXZ 00420f60 f i win32_main.obj
 0001:00020140       ?_Refill_upper@?$mersenne_twister@I$0CA@$0CHA@$0BIN@$0BP@$0JJAILANP@$0L@$06$0JNCMFGIA@$0P@$0OPMGAAAA@$0BC@@std@@IAEXXZ 00421140 f i win32_main.obj
 0001:000201f0       ?_Tidy@?$basic_string@DU?$char_traits@D@std@@V?$allocator@D@2@@std@@QAEX_NI@Z 004211f0 f i win32_main.obj
 0001:000202e0       ?_Tidy@?$vector@DV?$allocator@D@std@@@std@@IAEXXZ 004212e0 f i win32_main.obj
 0001:000203b0       ?_Unchecked@?$_Vector_iterator@V?$_Vector_val@U?$_Simple_types@D@std@@@std@@@std@@QBEPADXZ 004213b0 f i win32_main.obj
 0001:000203d0       ?_Xlen@?$basic_string@DU?$char_traits@D@std@@V?$allocator@D@2@@std@@QBEXXZ 004213d0 f i win32_main.obj
 0001:000203f0       ?_Xlen@?$vector@DV?$allocator@D@std@@@std@@IBEXXZ 004213f0 f i win32_main.obj
 0001:00020410       ?_Xran@?$basic_string@DU?$char_traits@D@std@@V?$allocator@D@2@@std@@QBEXXZ 00421410 f i win32_main.obj
 0001:00020430       ?allocate@?$_Wrap_alloc@V?$allocator@D@std@@@std@@QAEPADI@Z 00421430 f i win32_main.obj
 0001:00020450       ?allocate@?$allocator@D@std@@QAEPADI@Z 00421450 f i win32_main.obj
 0001:00020480       ?assign@?$basic_string@DU?$char_traits@D@std@@V?$allocator@D@2@@std@@QAEAAV12@ABV12@II@Z 00421480 f i win32_main.obj
 0001:00020540       ?assign@?$basic_string@DU?$char_traits@D@std@@V?$allocator@D@2@@std@@QAEAAV12@PBD@Z 00421540 f i win32_main.obj
 0001:00020570       ?assign@?$basic_string@DU?$char_traits@D@std@@V?$allocator@D@2@@std@@QAEAAV12@PBDI@Z 00421570 f i win32_main.obj
 0001:00020610       ?assign@?$char_traits@D@std@@SAXAADABD@Z 00421610 f i win32_main.obj
 0001:00020630       ?begin@?$vector@DV?$allocator@D@std@@@std@@QAE?AV?$_Vector_iterator@V?$_Vector_val@U?$_Simple_types@D@std@@@std@@@2@XZ 00421630 f i win32_main.obj
 0001:000206a0       ?c_str@?$basic_string@DU?$char_traits@D@std@@V?$allocator@D@2@@std@@QBEPBDXZ 004216a0 f i win32_main.obj
 0001:000206f0       ?ceil@@YAMM@Z              004216f0 f i win32_main.obj
 0001:00020750       ?copy@?$char_traits@D@std@@SAPADPADPBDI@Z 00421750 f i win32_main.obj
 0001:00020790       ?cos@@YAMM@Z               00421790 f i win32_main.obj
 0001:000207f0       ?deallocate@?$_Wrap_alloc@V?$allocator@D@std@@@std@@QAEXPADI@Z 004217f0 f i win32_main.obj
 0001:00020820       ?deallocate@?$allocator@D@std@@QAEXPADI@Z 00421820 f i win32_main.obj
 0001:00020850       ?end@?$vector@DV?$allocator@D@std@@@std@@QAE?AV?$_Vector_iterator@V?$_Vector_val@U?$_Simple_types@D@std@@@std@@@2@XZ 00421850 f i win32_main.obj
 0001:000208c0       ?eof@?$char_traits@D@std@@SAHXZ 004218c0 f i win32_main.obj
 0001:000208d0       ?eq_int_type@?$char_traits@D@std@@SA_NABH0@Z 004218d0 f i win32_main.obj
 0001:00020900       ?erase@?$basic_string@DU?$char_traits@D@std@@V?$allocator@D@2@@std@@QAEAAV12@I@Z 00421900 f i win32_main.obj
 0001:00020940       ?erase@?$basic_string@DU?$char_traits@D@std@@V?$allocator@D@2@@std@@QAEAAV12@II@Z 00421940 f i win32_main.obj
 0001:000209f0       ?ldexp@@YAMMH@Z            004219f0 f i win32_main.obj
 0001:00020a50       ?length@?$char_traits@D@std@@SAIPBD@Z 00421a50 f i win32_main.obj
 0001:00020ac0       ?log2@@YAMM@Z              00421ac0 f i win32_main.obj
 0001:00020b20       ?max@?$mersenne_twister_engine@I$0CA@$0CHA@$0BIN@$0BP@$0JJAILANP@$0L@$0PPPPPPPP@$06$0JNCMFGIA@$0P@$0OPMGAAAA@$0BC@$0GMAHIJGF@@std@@SAIXZ 00421b20 f i win32_main.obj
 0001:00020b30       ?max_size@?$_Wrap_alloc@V?$allocator@D@std@@@std@@QBEIU_Nil@2@@Z 00421b30 f i win32_main.obj
 0001:00020b50       ?max_size@?$allocator@D@std@@QBEIXZ 00421b50 f i win32_main.obj
 0001:00020b70       ?max_size@?$allocator_traits@V?$allocator@D@std@@@std@@SAIABV?$allocator@D@2@@Z 00421b70 f i win32_main.obj
 0001:00020b80       ?max_size@?$basic_string@DU?$char_traits@D@std@@V?$allocator@D@2@@std@@QBEIXZ 00421b80 f i win32_main.obj
 0001:00020bd0       ?max_size@?$vector@DV?$allocator@D@std@@@std@@QBEIXZ 00421bd0 f i win32_main.obj
 0001:00020c00       ?min@?$mersenne_twister_engine@I$0CA@$0CHA@$0BIN@$0BP@$0JJAILANP@$0L@$0PPPPPPPP@$06$0JNCMFGIA@$0P@$0OPMGAAAA@$0BC@$0GMAHIJGF@@std@@SAIXZ 00421c00 f i win32_main.obj
 0001:00020c10       ?move@?$char_traits@D@std@@SAPADPADPBDI@Z 00421c10 f i win32_main.obj
 0001:00020c50       ?pow@@YAMMM@Z              00421c50 f i win32_main.obj
 0001:00020cc0       ?seed@?$mersenne_twister@I$0CA@$0CHA@$0BIN@$0BP@$0JJAILANP@$0L@$06$0JNCMFGIA@$0P@$0OPMGAAAA@$0BC@@std@@QAEXII@Z 00421cc0 f i win32_main.obj
 0001:00020d60       ?select_on_container_copy_construction@?$_Wrap_alloc@V?$allocator@D@std@@@std@@QBE?AU12@U_Nil@2@@Z 00421d60 f i win32_main.obj
 0001:00020da0       ?select_on_container_copy_construction@?$allocator_traits@V?$allocator@D@std@@@std@@SA?AV?$allocator@D@2@ABV32@@Z 00421da0 f i win32_main.obj
 0001:00020dc0       ?sin@@YAMM@Z               00421dc0 f i win32_main.obj
 0001:00020e20       ?size@?$basic_string@DU?$char_traits@D@std@@V?$allocator@D@2@@std@@QBEIXZ 00421e20 f i win32_main.obj
 0001:00020e40       _ceilf                     00421e40 f i win32_main.obj
 0001:00020e90       _cosf                      00421e90 f i win32_main.obj
 0001:00020ec0       _ldexpf                    00421ec0 f i win32_main.obj
 0001:00020f00       _powf                      00421f00 f i win32_main.obj
 0001:00020f30       _sinf                      00421f30 f i win32_main.obj
 0001:00020f60       _gladLoadGL                00421f60 f   glad.obj
 0001:00020f90       _gladLoadGLLoader          00421f90 f   glad.obj
 0001:00023710       ___local_stdio_scanf_options 00424710 f i glad.obj
 0001:00023720       __vsscanf_s_l              00424720 f i glad.obj
 0001:00023760       _sscanf_s                  00424760 f i glad.obj
 0001:000237a0       _vsscanf_s                 004247a0 f i glad.obj
 0001:000237d0       ___local_stdio_printf_options 004247d0 f i glfw3:init.obj
 0001:000237e0       __glfwInputError           004247e0 f   glfw3:init.obj
 0001:00023be0       __glfw_fmaxf               00424be0 f   glfw3:init.obj
 0001:00023c20       __glfw_fminf               00424c20 f   glfw3:init.obj
 0001:00023c60       __glfw_strdup              00424c60 f   glfw3:init.obj
 0001:00023cb0       _glfwGetError              00424cb0 f   glfw3:init.obj
 0001:00023d20       _glfwGetVersion            00424d20 f   glfw3:init.obj
 0001:00023d60       _glfwGetVersionString      00424d60 f   glfw3:init.obj
 0001:00023d70       _glfwInit                  00424d70 f   glfw3:init.obj
 0001:00023ea0       _glfwInitHint              00424ea0 f   glfw3:init.obj
 0001:00023f10       _glfwSetErrorCallback      00424f10 f   glfw3:init.obj
 0001:00023f30       _glfwTerminate             00424f30 f   glfw3:init.obj
 0001:000240d0       __glfwInputFramebufferSize 004250d0 f   glfw3:window.obj
 0001:000240f0       __glfwInputWindowCloseRequest 004250f0 f   glfw3:window.obj
 0001:00024120       __glfwInputWindowContentScale 00425120 f   glfw3:window.obj
 0001:00024160       __glfwInputWindowDamage    00425160 f   glfw3:window.obj
 0001:00024180       __glfwInputWindowFocus     00425180 f   glfw3:window.obj
 0001:00024200       __glfwInputWindowIconify   00425200 f   glfw3:window.obj
 0001:00024220       __glfwInputWindowMaximize  00425220 f   glfw3:window.obj
 0001:00024240       __glfwInputWindowMonitor   00425240 f   glfw3:window.obj
 0001:00024260       __glfwInputWindowPos       00425260 f   glfw3:window.obj
 0001:00024280       __glfwInputWindowSize      00425280 f   glfw3:window.obj
 0001:000242a0       _glfwCreateWindow          004252a0 f   glfw3:window.obj
 0001:000245c0       _glfwDefaultWindowHints    004255c0 f   glfw3:window.obj
 0001:000246c0       _glfwDestroyWindow         004256c0 f   glfw3:window.obj
 0001:00024770       _glfwFocusWindow           00425770 f   glfw3:window.obj
 0001:000247a0       _glfwGetFramebufferSize    004257a0 f   glfw3:window.obj
 0001:00024800       _glfwGetWindowAttrib       00425800 f   glfw3:window.obj
 0001:00024a30       _glfwGetWindowContentScale 00425a30 f   glfw3:window.obj
 0001:00024a90       _glfwGetWindowFrameSize    00425a90 f   glfw3:window.obj
 0001:00024b10       _glfwGetWindowMonitor      00425b10 f   glfw3:window.obj
 0001:00024b40       _glfwGetWindowOpacity      00425b40 f   glfw3:window.obj
 0001:00024b70       _glfwGetWindowPos          00425b70 f   glfw3:window.obj
 0001:00024bd0       _glfwGetWindowSize         00425bd0 f   glfw3:window.obj
 0001:00024c30       _glfwGetWindowUserPointer  00425c30 f   glfw3:window.obj
 0001:00024c60       _glfwHideWindow            00425c60 f   glfw3:window.obj
 0001:00024ca0       _glfwIconifyWindow         00425ca0 f   glfw3:window.obj
 0001:00024cd0       _glfwMaximizeWindow        00425cd0 f   glfw3:window.obj
 0001:00024d10       _glfwPollEvents            00425d10 f   glfw3:window.obj
 0001:00024d40       _glfwPostEmptyEvent        00425d40 f   glfw3:window.obj
 0001:00024d70       _glfwRequestWindowAttention 00425d70 f   glfw3:window.obj
 0001:00024da0       _glfwRestoreWindow         00425da0 f   glfw3:window.obj
 0001:00024dd0       _glfwSetFramebufferSizeCallback 00425dd0 f   glfw3:window.obj
 0001:00024e10       _glfwSetWindowAspectRatio  00425e10 f   glfw3:window.obj
 0001:00024ea0       _glfwSetWindowAttrib       00425ea0 f   glfw3:window.obj
 0001:00024fa0       _glfwSetWindowCloseCallback 00425fa0 f   glfw3:window.obj
 0001:00024fe0       _glfwSetWindowContentScaleCallback 00425fe0 f   glfw3:window.obj
 0001:00025020       _glfwSetWindowFocusCallback 00426020 f   glfw3:window.obj
 0001:00025060       _glfwSetWindowIcon         00426060 f   glfw3:window.obj
 0001:00025090       _glfwSetWindowIconifyCallback 00426090 f   glfw3:window.obj
 0001:000250d0       _glfwSetWindowMaximizeCallback 004260d0 f   glfw3:window.obj
 0001:00025110       _glfwSetWindowMonitor      00426110 f   glfw3:window.obj
 0001:000251c0       _glfwSetWindowOpacity      004261c0 f   glfw3:window.obj
 0001:00025250       _glfwSetWindowPos          00426250 f   glfw3:window.obj
 0001:00025290       _glfwSetWindowPosCallback  00426290 f   glfw3:window.obj
 0001:000252d0       _glfwSetWindowRefreshCallback 004262d0 f   glfw3:window.obj
 0001:00025310       _glfwSetWindowShouldClose  00426310 f   glfw3:window.obj
 0001:00025350       _glfwSetWindowSize         00426350 f   glfw3:window.obj
 0001:000253a0       _glfwSetWindowSizeCallback 004263a0 f   glfw3:window.obj
 0001:000253e0       _glfwSetWindowSizeLimits   004263e0 f   glfw3:window.obj
 0001:000254c0       _glfwSetWindowTitle        004264c0 f   glfw3:window.obj
 0001:000254f0       _glfwSetWindowUserPointer  004264f0 f   glfw3:window.obj
 0001:00025530       _glfwShowWindow            00426530 f   glfw3:window.obj
 0001:00025590       _glfwWaitEvents            00426590 f   glfw3:window.obj
 0001:000255c0       _glfwWaitEventsTimeout     004265c0 f   glfw3:window.obj
 0001:00025650       _glfwWindowHint            00426650 f   glfw3:window.obj
 0001:00025a60       _glfwWindowHintString      00426a60 f   glfw3:window.obj
 0001:00025b20       _glfwWindowShouldClose     00426b20 f   glfw3:window.obj
 0001:00025b50       __glfwAllocJoystick        00426b50 f   glfw3:input.obj
 0001:00025d50       __glfwCenterCursorInContentArea 00426d50 f   glfw3:input.obj
 0001:00025dc0       __glfwFreeJoystick         00426dc0 f   glfw3:input.obj
 0001:00025e00       __glfwInputChar            00426e00 f   glfw3:input.obj
 0001:00025e70       __glfwInputCursorEnter     00426e70 f   glfw3:input.obj
 0001:00025e90       __glfwInputCursorPos       00426e90 f   glfw3:input.obj
 0001:00025f10       __glfwInputDrop            00426f10 f   glfw3:input.obj
 0001:00025f30       __glfwInputJoystick        00426f30 f   glfw3:input.obj
 0001:00025f80       __glfwInputJoystickAxis    00426f80 f   glfw3:input.obj
 0001:00025fa0       __glfwInputJoystickButton  00426fa0 f   glfw3:input.obj
 0001:00025fc0       __glfwInputJoystickHat     00426fc0 f   glfw3:input.obj
 0001:00026040       __glfwInputKey             00427040 f   glfw3:input.obj
 0001:000260d0       __glfwInputMouseClick      004270d0 f   glfw3:input.obj
 0001:00026130       __glfwInputScroll          00427130 f   glfw3:input.obj
 0001:00026310       _glfwCreateCursor          00427310 f   glfw3:input.obj
 0001:00026390       _glfwCreateStandardCursor  00427390 f   glfw3:input.obj
 0001:00026470       _glfwDestroyCursor         00427470 f   glfw3:input.obj
 0001:00026540       _glfwGetClipboardString    00427540 f   glfw3:input.obj
 0001:00026570       _glfwGetCursorPos          00427570 f   glfw3:input.obj
 0001:00026600       _glfwGetGamepadName        00427600 f   glfw3:input.obj
 0001:00026690       _glfwGetGamepadState       00427690 f   glfw3:input.obj
 0001:000269a0       _glfwGetInputMode          004279a0 f   glfw3:input.obj
 0001:00026a50       _glfwGetJoystickAxes       00427a50 f   glfw3:input.obj
 0001:00026af0       _glfwGetJoystickButtons    00427af0 f   glfw3:input.obj
 0001:00026ba0       _glfwGetJoystickGUID       00427ba0 f   glfw3:input.obj
 0001:00026c20       _glfwGetJoystickHats       00427c20 f   glfw3:input.obj
 0001:00026cc0       _glfwGetJoystickName       00427cc0 f   glfw3:input.obj
 0001:00026d40       _glfwGetJoystickUserPointer 00427d40 f   glfw3:input.obj
 0001:00026d80       _glfwGetKey                00427d80 f   glfw3:input.obj
 0001:00026e00       _glfwGetKeyName            00427e00 f   glfw3:input.obj
 0001:00026e90       _glfwGetKeyScancode        00427e90 f   glfw3:input.obj
 0001:00026ef0       _glfwGetMouseButton        00427ef0 f   glfw3:input.obj
 0001:00026f70       _glfwGetTime               00427f70 f   glfw3:input.obj
 0001:00026ff0       _glfwGetTimerFrequency     00427ff0 f   glfw3:input.obj
 0001:00027020       _glfwGetTimerValue         00428020 f   glfw3:input.obj
 0001:00027050       _glfwJoystickIsGamepad     00428050 f   glfw3:input.obj
 0001:000270e0       _glfwJoystickPresent       004280e0 f   glfw3:input.obj
 0001:00027150       _glfwRawMouseMotionSupported 00428150 f   glfw3:input.obj
 0001:00027180       _glfwSetCharCallback       00428180 f   glfw3:input.obj
 0001:000271c0       _glfwSetCharModsCallback   004281c0 f   glfw3:input.obj
 0001:00027200       _glfwSetClipboardString    00428200 f   glfw3:input.obj
 0001:00027240       _glfwSetCursor             00428240 f   glfw3:input.obj
 0001:00027290       _glfwSetCursorEnterCallback 00428290 f   glfw3:input.obj
 0001:000272d0       _glfwSetCursorPos          004282d0 f   glfw3:input.obj
 0001:000273f0       _glfwSetCursorPosCallback  004283f0 f   glfw3:input.obj
 0001:00027430       _glfwSetDropCallback       00428430 f   glfw3:input.obj
 0001:00027470       _glfwSetInputMode          00428470 f   glfw3:input.obj
 0001:00027650       _glfwSetJoystickCallback   00428650 f   glfw3:input.obj
 0001:00027690       _glfwSetJoystickUserPointer 00428690 f   glfw3:input.obj
 0001:000276e0       _glfwSetKeyCallback        004286e0 f   glfw3:input.obj
 0001:00027720       _glfwSetMouseButtonCallback 00428720 f   glfw3:input.obj
 0001:00027760       _glfwSetScrollCallback     00428760 f   glfw3:input.obj
 0001:000277a0       _glfwSetTime               004287a0 f   glfw3:input.obj
 0001:00027860       _glfwUpdateGamepadMappings 00428860 f   glfw3:input.obj
 0001:00028060       __glfwChooseFBConfig       00429060 f   glfw3:context.obj
 0001:000282c0       __glfwIsValidContextConfig 004292c0 f   glfw3:context.obj
 0001:00028550       __glfwRefreshContextAttribs 00429550 f   glfw3:context.obj
 0001:00028c00       __glfwStringInExtensionString 00429c00 f   glfw3:context.obj
 0001:00028c80       _glfwExtensionSupported    00429c80 f   glfw3:context.obj
 0001:00028e80       _glfwGetCurrentContext     00429e80 f   glfw3:context.obj
 0001:00028ec0       _glfwGetProcAddress        00429ec0 f   glfw3:context.obj
 0001:00028f30       _glfwMakeContextCurrent    00429f30 f   glfw3:context.obj
 0001:00028fe0       _glfwSwapBuffers           00429fe0 f   glfw3:context.obj
 0001:00029040       _glfwSwapInterval          0042a040 f   glfw3:context.obj
 0001:000290a0       _sscanf                    0042a0a0 f i glfw3:context.obj
 0001:000290d0       __glfwCreateUTF8FromWideStringWin32 0042a0d0 f   glfw3:win32_init.obj
 0001:00029180       __glfwCreateWideStringFromUTF8Win32 0042a180 f   glfw3:win32_init.obj
 0001:00029230       __glfwInputErrorWin32      0042a230 f   glfw3:win32_init.obj
 0001:00029320       __glfwIsWindows10BuildOrGreaterWin32 0042a320 f   glfw3:win32_init.obj
 0001:000293e0       __glfwIsWindowsVersionOrGreaterWin32 0042a3e0 f   glfw3:win32_init.obj
 0001:000294c0       __glfwPlatformGetVersionString 0042a4c0 f   glfw3:win32_init.obj
 0001:000294d0       __glfwPlatformInit         0042a4d0 f   glfw3:win32_init.obj
 0001:00029950       __glfwPlatformTerminate    0042a950 f   glfw3:win32_init.obj
 0001:00029a40       __glfwUpdateKeyNamesWin32  0042aa40 f   glfw3:win32_init.obj
 0001:0002a270       __glfwGetMonitorContentScaleWin32 0042b270 f   glfw3:win32_monitor.obj
 0001:0002a360       __glfwPlatformFreeMonitor  0042b360 f   glfw3:win32_monitor.obj
 0001:0002a370       __glfwPlatformGetGammaRamp 0042b370 f   glfw3:win32_monitor.obj
 0001:0002a430       __glfwPlatformGetMonitorContentScale 0042b430 f   glfw3:win32_monitor.obj
 0001:0002a520       __glfwPlatformGetMonitorPos 0042b520 f   glfw3:win32_monitor.obj
 0001:0002a5c0       __glfwPlatformGetMonitorWorkarea 0042b5c0 f   glfw3:win32_monitor.obj
 0001:0002a670       __glfwPlatformGetVideoMode 0042b670 f   glfw3:win32_monitor.obj
 0001:0002a720       __glfwPlatformGetVideoModes 0042b720 f   glfw3:win32_monitor.obj
 0001:0002aa00       __glfwPlatformSetGammaRamp 0042ba00 f   glfw3:win32_monitor.obj
 0001:0002aae0       __glfwPollMonitorsWin32    0042bae0 f   glfw3:win32_monitor.obj
 0001:0002aeb0       __glfwRestoreVideoModeWin32 0042beb0 f   glfw3:win32_monitor.obj
 0001:0002aef0       __glfwSetVideoModeWin32    0042bef0 f   glfw3:win32_monitor.obj
 0001:0002b3b0       _glfwGetWin32Adapter       0042c3b0 f   glfw3:win32_monitor.obj
 0001:0002b3f0       _glfwGetWin32Monitor       0042c3f0 f   glfw3:win32_monitor.obj
 0001:0002b500       __glfwInitTimerWin32       0042c500 f   glfw3:win32_time.obj
 0001:0002b570       __glfwPlatformGetTimerFrequency 0042c570 f   glfw3:win32_time.obj
 0001:0002b580       __glfwPlatformGetTimerValue 0042c580 f   glfw3:win32_time.obj
 0001:0002b5c0       __glfwPlatformCreateMutex  0042c5c0 f   glfw3:win32_thread.obj
 0001:0002b5f0       __glfwPlatformCreateTls    0042c5f0 f   glfw3:win32_thread.obj
 0001:0002b640       __glfwPlatformDestroyMutex 0042c640 f   glfw3:win32_thread.obj
 0001:0002b680       __glfwPlatformDestroyTls   0042c680 f   glfw3:win32_thread.obj
 0001:0002b6b0       __glfwPlatformGetTls       0042c6b0 f   glfw3:win32_thread.obj
 0001:0002b6d0       __glfwPlatformLockMutex    0042c6d0 f   glfw3:win32_thread.obj
 0001:0002b6f0       __glfwPlatformSetTls       0042c6f0 f   glfw3:win32_thread.obj
 0001:0002b710       __glfwPlatformUnlockMutex  0042c710 f   glfw3:win32_thread.obj
 0001:0002b730       __glfwAllocGammaArrays     0042c730 f   glfw3:monitor.obj
 0001:0002b780       __glfwAllocMonitor         0042c780 f   glfw3:monitor.obj
 0001:0002b7d0       __glfwChooseVideoMode      0042c7d0 f   glfw3:monitor.obj
 0001:0002b940       __glfwCompareVideoModes    0042c940 f   glfw3:monitor.obj
 0001:0002b950       __glfwFreeGammaArrays      0042c950 f   glfw3:monitor.obj
 0001:0002b990       __glfwFreeMonitor          0042c990 f   glfw3:monitor.obj
 0001:0002ba00       __glfwInputMonitor         0042ca00 f   glfw3:monitor.obj
 0001:0002bbf0       __glfwInputMonitorWindow   0042cbf0 f   glfw3:monitor.obj
 0001:0002bc10       __glfwSplitBPP             0042cc10 f   glfw3:monitor.obj
 0001:0002bcf0       _glfwGetGammaRamp          0042ccf0 f   glfw3:monitor.obj
 0001:0002bd60       _glfwGetMonitorContentScale 0042cd60 f   glfw3:monitor.obj
 0001:0002bdc0       _glfwGetMonitorName        0042cdc0 f   glfw3:monitor.obj
 0001:0002bdf0       _glfwGetMonitorPhysicalSize 0042cdf0 f   glfw3:monitor.obj
 0001:0002be60       _glfwGetMonitorPos         0042ce60 f   glfw3:monitor.obj
 0001:0002bec0       _glfwGetMonitorUserPointer 0042cec0 f   glfw3:monitor.obj
 0001:0002bef0       _glfwGetMonitorWorkarea    0042cef0 f   glfw3:monitor.obj
 0001:0002bf70       _glfwGetMonitors           0042cf70 f   glfw3:monitor.obj
 0001:0002bfc0       _glfwGetPrimaryMonitor     0042cfc0 f   glfw3:monitor.obj
 0001:0002c000       _glfwGetVideoMode          0042d000 f   glfw3:monitor.obj
 0001:0002c050       _glfwGetVideoModes         0042d050 f   glfw3:monitor.obj
 0001:0002c0b0       _glfwSetGamma              0042d0b0 f   glfw3:monitor.obj
 0001:0002c350       _glfwSetGammaRamp          0042d350 f   glfw3:monitor.obj
 0001:0002c3e0       _glfwSetMonitorCallback    0042d3e0 f   glfw3:monitor.obj
 0001:0002c420       _glfwSetMonitorUserPointer 0042d420 f   glfw3:monitor.obj
 0001:0002c4e0       __glfwGetVulkanResultString 0042d4e0 f   glfw3:vulkan.obj
 0001:0002c670       __glfwInitVulkan           0042d670 f   glfw3:vulkan.obj
 0001:0002c900       __glfwTerminateVulkan      0042d900 f   glfw3:vulkan.obj
 0001:0002c920       _glfwCreateWindowSurface   0042d920 f   glfw3:vulkan.obj
 0001:0002c9f0       _glfwGetInstanceProcAddress 0042d9f0 f   glfw3:vulkan.obj
 0001:0002ca60       _glfwGetPhysicalDevicePresentationSupport 0042da60 f   glfw3:vulkan.obj
 0001:0002cad0       _glfwGetRequiredInstanceExtensions 0042dad0 f   glfw3:vulkan.obj
 0001:0002cb40       _glfwVulkanSupported       0042db40 f   glfw3:vulkan.obj
 0001:0002cb70       __glfwPlatformCreateCursor 0042db70 f   glfw3:win32_window.obj
 0001:0002cba0       __glfwPlatformCreateStandardCursor 0042dba0 f   glfw3:win32_window.obj
 0001:0002cc60       __glfwPlatformCreateWindow 0042dc60 f   glfw3:win32_window.obj
 0001:0002cd70       __glfwPlatformCreateWindowSurface 0042dd70 f   glfw3:win32_window.obj
 0001:0002ce30       __glfwPlatformDestroyCursor 0042de30 f   glfw3:win32_window.obj
 0001:0002ce50       __glfwPlatformDestroyWindow 0042de50 f   glfw3:win32_window.obj
 0001:0002cf00       __glfwPlatformFocusWindow  0042df00 f   glfw3:win32_window.obj
 0001:0002cf40       __glfwPlatformFramebufferTransparent 0042df40 f   glfw3:win32_window.obj
 0001:0002cf90       __glfwPlatformGetClipboardString 0042df90 f   glfw3:win32_window.obj
 0001:0002d070       __glfwPlatformGetCursorPos 0042e070 f   glfw3:win32_window.obj
 0001:0002d0e0       __glfwPlatformGetFramebufferSize 0042e0e0 f   glfw3:win32_window.obj
 0001:0002d140       __glfwPlatformGetKeyScancode 0042e140 f   glfw3:win32_window.obj
 0001:0002d160       __glfwPlatformGetPhysicalDevicePresentationSupport 0042e160 f   glfw3:win32_window.obj
 0001:0002d1b0       __glfwPlatformGetRequiredInstanceExtensions 0042e1b0 f   glfw3:win32_window.obj
 0001:0002d1e0       __glfwPlatformGetScancodeName 0042e1e0 f   glfw3:win32_window.obj
 0001:0002d200       __glfwPlatformGetWindowContentScale 0042e200 f   glfw3:win32_window.obj
 0001:0002d230       __glfwPlatformGetWindowFrameSize 0042e230 f   glfw3:win32_window.obj
 0001:0002d3e0       __glfwPlatformGetWindowOpacity 0042e3e0 f   glfw3:win32_window.obj
 0001:0002d460       __glfwPlatformGetWindowPos 0042e460 f   glfw3:win32_window.obj
 0001:0002d4c0       __glfwPlatformGetWindowSize 0042e4c0 f   glfw3:win32_window.obj
 0001:0002d520       __glfwPlatformHideWindow   0042e520 f   glfw3:win32_window.obj
 0001:0002d540       __glfwPlatformIconifyWindow 0042e540 f   glfw3:win32_window.obj
 0001:0002d560       __glfwPlatformMaximizeWindow 0042e560 f   glfw3:win32_window.obj
 0001:0002d580       __glfwPlatformPollEvents   0042e580 f   glfw3:win32_window.obj
 0001:0002d770       __glfwPlatformPostEmptyEvent 0042e770 f   glfw3:win32_window.obj
 0001:0002d790       __glfwPlatformRawMouseMotionSupported 0042e790 f   glfw3:win32_window.obj
 0001:0002d7a0       __glfwPlatformRequestWindowAttention 0042e7a0 f   glfw3:win32_window.obj
 0001:0002d7c0       __glfwPlatformRestoreWindow 0042e7c0 f   glfw3:win32_window.obj
 0001:0002d7e0       __glfwPlatformSetClipboardString 0042e7e0 f   glfw3:win32_window.obj
 0001:0002d8d0       __glfwPlatformSetCursor    0042e8d0 f   glfw3:win32_window.obj
 0001:0002d940       __glfwPlatformSetCursorMode 0042e940 f   glfw3:win32_window.obj
 0001:0002d9b0       __glfwPlatformSetCursorPos 0042e9b0 f   glfw3:win32_window.obj
 0001:0002da00       __glfwPlatformSetRawMouseMotion 0042ea00 f   glfw3:win32_window.obj
 0001:0002da80       __glfwPlatformSetWindowAspectRatio 0042ea80 f   glfw3:win32_window.obj
 0001:0002db10       __glfwPlatformSetWindowDecorated 0042eb10 f   glfw3:win32_window.obj
 0001:0002db30       __glfwPlatformSetWindowFloating 0042eb30 f   glfw3:win32_window.obj
 0001:0002db70       __glfwPlatformSetWindowIcon 0042eb70 f   glfw3:win32_window.obj
 0001:0002dcb0       __glfwPlatformSetWindowMonitor 0042ecb0 f   glfw3:win32_window.obj
 0001:0002e070       __glfwPlatformSetWindowOpacity 0042f070 f   glfw3:win32_window.obj
 0001:0002e110       __glfwPlatformSetWindowPos 0042f110 f   glfw3:win32_window.obj
 0001:0002e260       __glfwPlatformSetWindowResizable 0042f260 f   glfw3:win32_window.obj
 0001:0002e280       __glfwPlatformSetWindowSize 0042f280 f   glfw3:win32_window.obj
 0001:0002e420       __glfwPlatformSetWindowSizeLimits 0042f420 f   glfw3:win32_window.obj
 0001:0002e4b0       __glfwPlatformSetWindowTitle 0042f4b0 f   glfw3:win32_window.obj
 0001:0002e4f0       __glfwPlatformShowWindow   0042f4f0 f   glfw3:win32_window.obj
 0001:0002e510       __glfwPlatformWaitEvents   0042f510 f   glfw3:win32_window.obj
 0001:0002e520       __glfwPlatformWaitEventsTimeout 0042f520 f   glfw3:win32_window.obj
 0001:0002e560       __glfwPlatformWindowFocused 0042f560 f   glfw3:win32_window.obj
 0001:0002e590       __glfwPlatformWindowHovered 0042f590 f   glfw3:win32_window.obj
 0001:0002e5a0       __glfwPlatformWindowIconified 0042f5a0 f   glfw3:win32_window.obj
 0001:0002e5c0       __glfwPlatformWindowMaximized 0042f5c0 f   glfw3:win32_window.obj
 0001:0002e5e0       __glfwPlatformWindowVisible 0042f5e0 f   glfw3:win32_window.obj
 0001:0002e600       __glfwRegisterWindowClassWin32 0042f600 f   glfw3:win32_window.obj
 0001:0002e700       __glfwUnregisterWindowClassWin32 0042f700 f   glfw3:win32_window.obj
 0001:0002f7b0       _glfwGetWin32Window        004307b0 f   glfw3:win32_window.obj
 0001:00030f50       __glfwDetectJoystickConnectionWin32 00431f50 f   glfw3:win32_joystick.obj
 0001:00031180       __glfwDetectJoystickDisconnectionWin32 00432180 f   glfw3:win32_joystick.obj
 0001:000312b0       __glfwInitJoysticksWin32   004322b0 f   glfw3:win32_joystick.obj
 0001:00031310       __glfwPlatformPollJoystick 00432310 f   glfw3:win32_joystick.obj
 0001:00031770       __glfwPlatformUpdateGamepadGUID 00432770 f   glfw3:win32_joystick.obj
 0001:00031810       __glfwTerminateJoysticksWin32 00432810 f   glfw3:win32_joystick.obj
 0001:00032280       _sprintf                   00433280 f i glfw3:win32_joystick.obj
 0001:000322c0       __glfwCreateContextWGL     004332c0 f   glfw3:wgl_context.obj
 0001:00032850       __glfwInitWGL              00433850 f   glfw3:wgl_context.obj
 0001:00032c40       __glfwTerminateWGL         00433c40 f   glfw3:wgl_context.obj
 0001:00033790       _glfwGetWGLContext         00434790 f   glfw3:wgl_context.obj
 0001:00033990       __glfwCreateContextEGL     00434990 f   glfw3:egl_context.obj
 0001:00033fd0       __glfwInitEGL              00434fd0 f   glfw3:egl_context.obj
 0001:00034480       __glfwTerminateEGL         00435480 f   glfw3:egl_context.obj
 0001:00034a00       _glfwGetEGLContext         00435a00 f   glfw3:egl_context.obj
 0001:00034a60       _glfwGetEGLDisplay         00435a60 f   glfw3:egl_context.obj
 0001:00034a90       _glfwGetEGLSurface         00435a90 f   glfw3:egl_context.obj
 0001:00034c20       __glfwCreateContextOSMesa  00435c20 f   glfw3:osmesa_context.obj
 0001:00034f00       __glfwInitOSMesa           00435f00 f   glfw3:osmesa_context.obj
 0001:000350f0       __glfwTerminateOSMesa      004360f0 f   glfw3:osmesa_context.obj
 0001:000351b0       _glfwGetOSMesaColorBuffer  004361b0 f   glfw3:osmesa_context.obj
 0001:00035270       _glfwGetOSMesaContext      00436270 f   glfw3:osmesa_context.obj
 0001:000352d0       _glfwGetOSMesaDepthBuffer  004362d0 f   glfw3:osmesa_context.obj
 0001:00035492       _DragQueryFileW@16         00436492 f   shell32:SHELL32.dll
 0001:00035498       _DragQueryPoint@8          00436498 f   shell32:SHELL32.dll
 0001:0003549e       _DragFinish@4              0043649e f   shell32:SHELL32.dll
 0001:000354a4       _DragAcceptFiles@8         004364a4 f   shell32:SHELL32.dll
 0001:000354aa       _TranslateMessage@4        004364aa f   user32:USER32.dll
 0001:000354b0       _DispatchMessageW@4        004364b0 f   user32:USER32.dll
 0001:000354b6       _PeekMessageW@20           004364b6 f   user32:USER32.dll
 0001:000354bc       _RegisterDeviceNotificationW@12 004364bc f   user32:USER32.dll
 0001:000354c2       _UnregisterDeviceNotification@4 004364c2 f   user32:USER32.dll
 0001:000354c8       _CreateWindowExW@48        004364c8 f   user32:USER32.dll
 0001:000354ce       _DestroyWindow@4           004364ce f   user32:USER32.dll
 0001:000354d4       _ShowWindow@8              004364d4 f   user32:USER32.dll
 0001:000354da       _ToUnicode@24              004364da f   user32:USER32.dll
 0001:000354e0       _MapVirtualKeyW@8          004364e0 f   user32:USER32.dll
 0001:000354e6       _SystemParametersInfoW@16  004364e6 f   user32:USER32.dll
 0001:000354ec       _GetDC@4                   004364ec f   user32:USER32.dll
 0001:000354f2       _ReleaseDC@8               004364f2 f   user32:USER32.dll
 0001:000354f8       _ChangeDisplaySettingsExW@20 004364f8 f   user32:USER32.dll
 0001:000354fe       _EnumDisplaySettingsW@12   004364fe f   user32:USER32.dll
 0001:00035504       _EnumDisplaySettingsExW@16 00436504 f   user32:USER32.dll
 0001:0003550a       _EnumDisplayDevicesW@16    0043650a f   user32:USER32.dll
 0001:00035510       _GetMonitorInfoW@8         00436510 f   user32:USER32.dll
 0001:00035516       _EnumDisplayMonitors@16    00436516 f   user32:USER32.dll
 0001:0003551c       _TrackMouseEvent@4         0043651c f   user32:USER32.dll
 0001:00035522       _GetMessageTime@0          00436522 f   user32:USER32.dll
 0001:00035528       _SendMessageW@16           00436528 f   user32:USER32.dll
 0001:0003552e       _PostMessageW@16           0043652e f   user32:USER32.dll
 0001:00035534       _WaitMessage@0             00436534 f   user32:USER32.dll
 0001:0003553a       _DefWindowProcW@16         0043653a f   user32:USER32.dll
 0001:00035540       _UnregisterClassW@8        00436540 f   user32:USER32.dll
 0001:00035546       _RegisterClassExW@4        00436546 f   user32:USER32.dll
 0001:0003554c       _GetLayeredWindowAttributes@16 0043654c f   user32:USER32.dll
 0001:00035552       _SetLayeredWindowAttributes@16 00436552 f   user32:USER32.dll
 0001:00035558       _FlashWindow@8             00436558 f   user32:USER32.dll
 0001:0003555e       _MoveWindow@24             0043655e f   user32:USER32.dll
 0001:00035564       _SetWindowPos@28           00436564 f   user32:USER32.dll
 0001:0003556a       _GetWindowPlacement@8      0043656a f   user32:USER32.dll
 0001:00035570       _SetWindowPlacement@8      00436570 f   user32:USER32.dll
 0001:00035576       _IsWindowVisible@4         00436576 f   user32:USER32.dll
 0001:0003557c       _IsIconic@4                0043657c f   user32:USER32.dll
 0001:00035582       _BringWindowToTop@4        00436582 f   user32:USER32.dll
 0001:00035588       _IsZoomed@4                00436588 f   user32:USER32.dll
 0001:0003558e       _OpenClipboard@4           0043658e f   user32:USER32.dll
 0001:00035594       _CloseClipboard@0          00436594 f   user32:USER32.dll
 0001:0003559a       _SetClipboardData@8        0043659a f   user32:USER32.dll
 0001:000355a0       _GetClipboardData@4        004365a0 f   user32:USER32.dll
 0001:000355a6       _EmptyClipboard@0          004365a6 f   user32:USER32.dll
 0001:000355ac       _SetFocus@4                004365ac f   user32:USER32.dll
 0001:000355b2       _GetActiveWindow@0         004365b2 f   user32:USER32.dll
 0001:000355b8       _GetKeyState@4             004365b8 f   user32:USER32.dll
 0001:000355be       _GetAsyncKeyState@4        004365be f   user32:USER32.dll
 0001:000355c4       _SetCapture@4              004365c4 f   user32:USER32.dll
 0001:000355ca       _ReleaseCapture@0          004365ca f   user32:USER32.dll
 0001:000355d0       _MsgWaitForMultipleObjects@20 004365d0 f   user32:USER32.dll
 0001:000355d6       _GetSystemMetrics@4        004365d6 f   user32:USER32.dll
 0001:000355dc       _SetForegroundWindow@4     004365dc f   user32:USER32.dll
 0001:000355e2       _RedrawWindow@16           004365e2 f   user32:USER32.dll
 0001:000355e8       _SetPropW@12               004365e8 f   user32:USER32.dll
 0001:000355ee       _GetPropW@8                004365ee f   user32:USER32.dll
 0001:000355f4       _RemovePropW@8             004365f4 f   user32:USER32.dll
 0001:000355fa       _SetWindowTextW@8          004365fa f   user32:USER32.dll
 0001:00035600       _GetClientRect@8           00436600 f   user32:USER32.dll
 0001:00035606       _GetWindowRect@8           00436606 f   user32:USER32.dll
 0001:0003560c       _AdjustWindowRectEx@16     0043660c f   user32:USER32.dll
 0001:00035612       _SetCursorPos@8            00436612 f   user32:USER32.dll
 0001:00035618       _SetCursor@4               00436618 f   user32:USER32.dll
 0001:0003561e       _GetCursorPos@4            0043661e f   user32:USER32.dll
 0001:00035624       _ClientToScreen@8          00436624 f   user32:USER32.dll
 0001:0003562a       _ScreenToClient@8          0043662a f   user32:USER32.dll
 0001:00035630       _WindowFromPoint@8         00436630 f   user32:USER32.dll
 0001:00035636       _ClipCursor@4              00436636 f   user32:USER32.dll
 0001:0003563c       _SetRect@20                0043663c f   user32:USER32.dll
 0001:00035642       _PtInRect@12               00436642 f   user32:USER32.dll
 0001:00035648       _GetWindowLongW@8          00436648 f   user32:USER32.dll
 0001:0003564e       _SetWindowLongW@12         0043664e f   user32:USER32.dll
 0001:00035654       _GetClassLongW@8           00436654 f   user32:USER32.dll
 0001:0003565a       _LoadCursorW@8             0043665a f   user32:USER32.dll
 0001:00035660       _DestroyIcon@4             00436660 f   user32:USER32.dll
 0001:00035666       _LoadImageW@24             00436666 f   user32:USER32.dll
 0001:0003566c       _CreateIconIndirect@4      0043666c f   user32:USER32.dll
 0001:00035672       _MonitorFromWindow@8       00436672 f   user32:USER32.dll
 0001:00035678       _GetRawInputData@20        00436678 f   user32:USER32.dll
 0001:0003567e       _RegisterRawInputDevices@12 0043667e f   user32:USER32.dll
 0001:00035684       _GetRawInputDeviceInfoA@16 00436684 f   user32:USER32.dll
 0001:0003568a       _GetRawInputDeviceList@12  0043668a f   user32:USER32.dll
 0001:00035690       _CreateDCW@16              00436690 f   gdi32:GDI32.dll
 0001:00035696       _DeleteDC@4                00436696 f   gdi32:GDI32.dll
 0001:0003569c       _GetDeviceCaps@8           0043669c f   gdi32:GDI32.dll
 0001:000356a2       _GetDeviceGammaRamp@8      004366a2 f   gdi32:GDI32.dll
 0001:000356a8       _SetDeviceGammaRamp@8      004366a8 f   gdi32:GDI32.dll
 0001:000356ae       _CreateBitmap@20           004366ae f   gdi32:GDI32.dll
 0001:000356b4       _CreateRectRgn@16          004366b4 f   gdi32:GDI32.dll
 0001:000356ba       _DeleteObject@4            004366ba f   gdi32:GDI32.dll
 0001:000356c0       _CreateDIBSection@24       004366c0 f   gdi32:GDI32.dll
 0001:000356c6       _ChoosePixelFormat@8       004366c6 f   gdi32:GDI32.dll
 0001:000356cc       _DescribePixelFormat@16    004366cc f   gdi32:GDI32.dll
 0001:000356d2       _SetPixelFormat@12         004366d2 f   gdi32:GDI32.dll
 0001:000356d8       _SwapBuffers@4             004366d8 f   gdi32:GDI32.dll
 0001:000356de       _FreeLibrary@4             004366de f   kernel32:KERNEL32.dll
 0001:000356e4       _GetProcAddress@8          004366e4 f   kernel32:KERNEL32.dll
 0001:000356ea       _LoadLibraryW@4            004366ea f   kernel32:KERNEL32.dll
 0001:000356f0       _VerSetConditionMask@16    004366f0 f   kernel32:KERNEL32.dll
 0001:000356f6       _GetLastError@0            004366f6 f   kernel32:KERNEL32.dll
 0001:000356fc       _GetModuleHandleW@4        004366fc f   kernel32:KERNEL32.dll
 0001:00035702       _LoadLibraryA@4            00436702 f   kernel32:KERNEL32.dll
 0001:00035708       _FormatMessageW@28         00436708 f   kernel32:KERNEL32.dll
 0001:0003570e       _MultiByteToWideChar@24    0043670e f   kernel32:KERNEL32.dll
 0001:00035714       _WideCharToMultiByte@32    00436714 f   kernel32:KERNEL32.dll
 0001:0003571a       _QueryPerformanceCounter@4 0043671a f   kernel32:KERNEL32.dll
 0001:00035720       _QueryPerformanceFrequency@4 00436720 f   kernel32:KERNEL32.dll
 0001:00035726       _InitializeCriticalSection@4 00436726 f   kernel32:KERNEL32.dll
 0001:0003572c       _EnterCriticalSection@4    0043672c f   kernel32:KERNEL32.dll
 0001:00035732       _LeaveCriticalSection@4    00436732 f   kernel32:KERNEL32.dll
 0001:00035738       _DeleteCriticalSection@4   00436738 f   kernel32:KERNEL32.dll
 0001:0003573e       _TlsAlloc@0                0043673e f   kernel32:KERNEL32.dll
 0001:00035744       _TlsGetValue@4             00436744 f   kernel32:KERNEL32.dll
 0001:0003574a       _TlsSetValue@8             0043674a f   kernel32:KERNEL32.dll
 0001:00035750       _TlsFree@4                 00436750 f   kernel32:KERNEL32.dll
 0001:00035756       _GlobalAlloc@8             00436756 f   kernel32:KERNEL32.dll
 0001:0003575c       _GlobalUnlock@4            0043675c f   kernel32:KERNEL32.dll
 0001:00035762       _GlobalLock@4              00436762 f   kernel32:KERNEL32.dll
 0001:00035768       _GlobalFree@4              00436768 f   kernel32:KERNEL32.dll
 0001:0003576e       _SetThreadExecutionState@4 0043676e f   kernel32:KERNEL32.dll
 0001:00035774       ?uncaught_exception@std@@YA_NXZ 00436774 f   msvcprt:MSVCP140.dll
 0001:0003577a       ?_Xbad_alloc@std@@YAXXZ    0043677a f   msvcprt:MSVCP140.dll
 0001:00035780       ?_Xlength_error@std@@YAXPBD@Z 00436780 f   msvcprt:MSVCP140.dll
 0001:00035786       ?_Xout_of_range@std@@YAXPBD@Z 00436786 f   msvcprt:MSVCP140.dll
 0001:0003578c       ?good@ios_base@std@@QBE_NXZ 0043678c f   msvcprt:MSVCP140.dll
 0001:00035792       ?flags@ios_base@std@@QBEHXZ 00436792 f   msvcprt:MSVCP140.dll
 0001:00035798       ?precision@ios_base@std@@QAE_J_J@Z 00436798 f   msvcprt:MSVCP140.dll
 0001:0003579e       ?width@ios_base@std@@QBE_JXZ 0043679e f   msvcprt:MSVCP140.dll
 0001:000357a4       ?width@ios_base@std@@QAE_J_J@Z 004367a4 f   msvcprt:MSVCP140.dll
 0001:000357aa       ?sputc@?$basic_streambuf@DU?$char_traits@D@std@@@std@@QAEHD@Z 004367aa f   msvcprt:MSVCP140.dll
 0001:000357b0       ?sputn@?$basic_streambuf@DU?$char_traits@D@std@@@std@@QAE_JPBD_J@Z 004367b0 f   msvcprt:MSVCP140.dll
 0001:000357b6       ?setstate@?$basic_ios@DU?$char_traits@D@std@@@std@@QAEXH_N@Z 004367b6 f   msvcprt:MSVCP140.dll
 0001:000357bc       ?tie@?$basic_ios@DU?$char_traits@D@std@@@std@@QBEPAV?$basic_ostream@DU?$char_traits@D@std@@@2@XZ 004367bc f   msvcprt:MSVCP140.dll
 0001:000357c2       ?rdbuf@?$basic_ios@DU?$char_traits@D@std@@@std@@QBEPAV?$basic_streambuf@DU?$char_traits@D@std@@@2@XZ 004367c2 f   msvcprt:MSVCP140.dll
 0001:000357c8       ?fill@?$basic_ios@DU?$char_traits@D@std@@@std@@QBEDXZ 004367c8 f   msvcprt:MSVCP140.dll
 0001:000357ce       ?widen@?$basic_ios@DU?$char_traits@D@std@@@std@@QBEDD@Z 004367ce f   msvcprt:MSVCP140.dll
 0001:000357d4       ?_Osfx@?$basic_ostream@DU?$char_traits@D@std@@@std@@QAEXXZ 004367d4 f   msvcprt:MSVCP140.dll
 0001:000357da       ??6?$basic_ostream@DU?$char_traits@D@std@@@std@@QAEAAV01@P6AAAV01@AAV01@@Z@Z 004367da f   msvcprt:MSVCP140.dll
 0001:000357e0       ??6?$basic_ostream@DU?$char_traits@D@std@@@std@@QAEAAV01@H@Z 004367e0 f   msvcprt:MSVCP140.dll
 0001:000357e6       ??6?$basic_ostream@DU?$char_traits@D@std@@@std@@QAEAAV01@M@Z 004367e6 f   msvcprt:MSVCP140.dll
 0001:000357ec       ?put@?$basic_ostream@DU?$char_traits@D@std@@@std@@QAEAAV12@D@Z 004367ec f   msvcprt:MSVCP140.dll
 0001:000357f2       ?flush@?$basic_ostream@DU?$char_traits@D@std@@@std@@QAEAAV12@XZ 004367f2 f   msvcprt:MSVCP140.dll
 0001:000357f8       ?_Random_device@std@@YAIXZ 004367f8 f   msvcprt:MSVCP140.dll
 0001:000357fe       ??2@YAPAXI@Z               004367fe f   MSVCRT:new_scalar.obj
 0001:0003583d       ??3@YAXPAX@Z               0043683d f   MSVCRT:delete_scalar.obj
 0001:00035842       ??$__crt_fast_decode_pointer@PAP6AXXZ@@YAPAP6AXXZQAP6AXXZ@Z 00436842 f i MSVCRT:utility.obj
 0001:0003585b       ??$__crt_fast_encode_pointer@PAP6AXXZ@@YAPAP6AXXZQAP6AXXZ@Z 0043685b f i MSVCRT:utility.obj
 0001:0003587f       ?__crt_rotate_pointer_value@@YAIIH@Z 0043687f f i MSVCRT:utility.obj
 0001:0003588f       ?configure_argv@__scrt_narrow_argv_policy@@SAHXZ 0043688f f i MSVCRT:utility.obj
 0001:00035933       _NtCurrentTeb              00436933 f i MSVCRT:utility.obj
 0001:0003593a       ___scrt_acquire_startup_lock 0043693a f   MSVCRT:utility.obj
 0001:0003597c       ___scrt_dllmain_after_initialize_c 0043697c f   MSVCRT:utility.obj
 0001:000359b1       ___scrt_dllmain_before_initialize_c 004369b1 f   MSVCRT:utility.obj
 0001:000359c2       ___scrt_dllmain_crt_thread_attach 004369c2 f   MSVCRT:utility.obj
 0001:000359e8       ___scrt_dllmain_crt_thread_detach 004369e8 f   MSVCRT:utility.obj
 0001:000359f8       ___scrt_dllmain_exception_filter 004369f8 f   MSVCRT:utility.obj
 0001:00035a37       ___scrt_dllmain_uninitialize_c 00436a37 f   MSVCRT:utility.obj
 0001:00035a62       ___scrt_dllmain_uninitialize_critical 00436a62 f   MSVCRT:utility.obj
 0001:00035a72       ___scrt_initialize_crt     00436a72 f   MSVCRT:utility.obj
 0001:00035ab9       ___scrt_initialize_onexit_tables 00436ab9 f   MSVCRT:utility.obj
 0001:00035b75       ___scrt_is_nonwritable_in_current_image 00436b75 f   MSVCRT:utility.obj
 0001:00035c21       ___scrt_release_startup_lock 00436c21 f   MSVCRT:utility.obj
 0001:00035c45       ___scrt_uninitialize_crt   00436c45 f   MSVCRT:utility.obj
 0001:00035c77       __onexit                   00436c77 f   MSVCRT:utility.obj
 0001:00035cc0       _at_quick_exit             00436cc0 f   MSVCRT:utility.obj
 0001:00035cfd       _atexit                    00436cfd f   MSVCRT:utility.obj
 0001:00035d17       @__security_check_cookie@4 00436d17 f   MSVCRT:_secchk_.obj
 0001:00035d30       __alloca_probe             00436d30 f   MSVCRT:chkstk.obj
 0001:00035d30       __chkstk                   00436d30 f   MSVCRT:chkstk.obj
 0001:00035d70       __ftol2_sse                00436d70 f   MSVCRT:_ftol2_.obj
 0001:00035d79       __ftol2_pentium4           00436d79 f   MSVCRT:_ftol2_.obj
 0001:00035d8c       __ftol2_sse_excpt          00436d8c f   MSVCRT:_ftol2_.obj
 0001:00035db0       __ftol2                    00436db0 f   MSVCRT:_ftol2_.obj
 0001:00036115       ?get_app_type@__scrt_main_policy@@SA?AW4_crt_app_type@@XZ 00437115 f i MSVCRT:exe_main.obj
 0001:0003614c       _mainCRTStartup            0043714c f   MSVCRT:exe_main.obj
 0001:00036160       __ftoui3                   00437160 f   MSVCRT:_ftol3_.obj
 0001:0003616f       __ftoul3                   0043716f f   MSVCRT:_ftol3_.obj
 0001:0003617e       __ftol3                    0043717e f   MSVCRT:_ftol3_.obj
 0001:0003618b       __ftol3_NaN                0043718b f   MSVCRT:_ftol3_.obj
 0001:000361a3       __ftol3_work               004371a3 f   MSVCRT:_ftol3_.obj
 0001:00036229       __ftol3_common             00437229 f   MSVCRT:_ftol3_.obj
 0001:000362eb       __ftol3_arg_error          004372eb f   MSVCRT:_ftol3_.obj
 0001:000362fd       __ftol3_except             004372fd f   MSVCRT:_ftol3_.obj
 0001:00036341       __dtoui3                   00437341 f   MSVCRT:_ftol3_.obj
 0001:00036350       __dtoul3                   00437350 f   MSVCRT:_ftol3_.obj
 0001:0003635f       __dtol3                    0043735f f   MSVCRT:_ftol3_.obj
 0001:0003636c       __dtol3_NaN                0043736c f   MSVCRT:_ftol3_.obj
 0001:00036389       __dtol3_work               00437389 f   MSVCRT:_ftol3_.obj
 0001:00036470       __ultod3                   00437470 f   MSVCRT:_ftol3_.obj
 0001:000364b0       __ltod3                    004374b0 f   MSVCRT:_ftol3_.obj
 0001:000365b4       ??0bad_alloc@std@@AAE@QBD@Z 004375b4 f i MSVCRT:throw_bad_alloc.obj
 0001:000365d8       ??0bad_alloc@std@@QAE@ABV01@@Z 004375d8 f i MSVCRT:throw_bad_alloc.obj
 0001:000365f9       ??0bad_alloc@std@@QAE@XZ   004375f9 f i MSVCRT:throw_bad_alloc.obj
 0001:00036617       ??0bad_array_new_length@std@@QAE@ABV01@@Z 00437617 f i MSVCRT:throw_bad_alloc.obj
 0001:00036638       ??0bad_array_new_length@std@@QAE@XZ 00437638 f i MSVCRT:throw_bad_alloc.obj
 0001:00036656       ??0exception@std@@QAE@ABV01@@Z 00437656 f i MSVCRT:throw_bad_alloc.obj
 0001:0003668d       ??0exception@std@@QAE@QBDH@Z 0043768d f i MSVCRT:throw_bad_alloc.obj
 0001:000366b1       ??1bad_alloc@std@@UAE@XZ   004376b1 f i MSVCRT:throw_bad_alloc.obj
 0001:000366c6       ??1bad_array_new_length@std@@UAE@XZ 004376c6 f i MSVCRT:throw_bad_alloc.obj
 0001:000366db       ??1exception@std@@UAE@XZ   004376db f i MSVCRT:throw_bad_alloc.obj
 0001:000366f0       ??_Gbad_alloc@std@@UAEPAXI@Z 004376f0 f i MSVCRT:throw_bad_alloc.obj
 0001:000366f0       ??_Ebad_alloc@std@@UAEPAXI@Z 004376f0 f i MSVCRT:throw_bad_alloc.obj
 0001:00036728       ??_Gbad_array_new_length@std@@UAEPAXI@Z 00437728 f i MSVCRT:throw_bad_alloc.obj
 0001:00036728       ??_Ebad_array_new_length@std@@UAEPAXI@Z 00437728 f i MSVCRT:throw_bad_alloc.obj
 0001:00036760       ??_Eexception@std@@UAEPAXI@Z 00437760 f i MSVCRT:throw_bad_alloc.obj
 0001:00036760       ??_Gexception@std@@UAEPAXI@Z 00437760 f i MSVCRT:throw_bad_alloc.obj
 0001:00036798       ?__scrt_throw_std_bad_alloc@@YAXXZ 00437798 f   MSVCRT:throw_bad_alloc.obj
 0001:000367bc       ?__scrt_throw_std_bad_array_new_length@@YAXXZ 004377bc f   MSVCRT:throw_bad_alloc.obj
 0001:000367e0       ?what@exception@std@@UBEPBDXZ 004377e0 f i MSVCRT:throw_bad_alloc.obj
 0001:000367f0       ___isa_available_init      004377f0 f   MSVCRT:_cpu_disp_.obj
 0001:000369f0       __get_startup_argv_mode    004379f0 f   MSVCRT:argv_mode.obj
 0001:000369f4       ___scrt_is_ucrt_dll_in_use 004379f4 f   MSVCRT:ucrt_detection.obj
 0001:00036a03       ___scrt_fastfail           00437a03 f   MSVCRT:utility_desktop.obj
 0001:00036b64       ___scrt_get_show_window_mode 00437b64 f   MSVCRT:utility_desktop.obj
 0001:00036ba3       ___scrt_initialize_winrt   00437ba3 f   MSVCRT:utility_desktop.obj
 0001:00036ba6       ___scrt_is_managed_app     00437ba6 f   MSVCRT:utility_desktop.obj
 0001:00036bfb       ___scrt_set_unhandled_exception_filter 00437bfb f   MSVCRT:utility_desktop.obj
 0001:00036c0a       ___scrt_unhandled_exception_filter@4 00437c0a f   MSVCRT:utility_desktop.obj
 0001:00036c5b       __crt_debugger_hook        00437c5b f   MSVCRT:utility_desktop.obj
 0001:00036c65       @_guard_check_icall@4      00437c65 f i MSVCRT:checkcfg.obj
 0001:00036c70       __SEH_prolog4              00437c70 f   MSVCRT:_sehprolg4_.obj
 0001:00036cb6       __SEH_epilog4              00437cb6 f   MSVCRT:_sehprolg4_.obj
 0001:00036ce1       __except_handler4          00437ce1 f   MSVCRT:_chandler4gs_.obj
 0001:00036d0c       ___raise_securityfailure   00437d0c f   MSVCRT:gs_report.obj
 0001:00036d3e       ___report_gsfailure        00437d3e f   MSVCRT:gs_report.obj
 0001:00036e77       ___report_rangecheckfailure 00437e77 f   MSVCRT:gs_report.obj
 0001:00036e86       ___report_securityfailure  00437e86 f   MSVCRT:gs_report.obj
 0001:00036f8a       ___report_securityfailureEx 00437f8a f   MSVCRT:gs_report.obj
 0001:000370e5       ___security_init_cookie    004380e5 f   MSVCRT:gs_support.obj
 0001:000371a8       __matherr                  004381a8 f   MSVCRT:matherr.obj
 0001:000371ab       __get_startup_commit_mode  004381ab f   MSVCRT:commit_mode.obj
 0001:000371ae       __get_startup_file_mode    004381ae f   MSVCRT:file_mode.obj
 0001:000371b4       __get_startup_new_mode     004381b4 f   MSVCRT:new_mode.obj
 0001:000371b7       __get_startup_thread_locale_mode 004381b7 f   MSVCRT:thread_locale.obj
 0001:000371ba       ?__scrt_initialize_type_info@@YAXXZ 004381ba f   MSVCRT:tncleanup.obj
 0001:000371c9       ?__scrt_uninitialize_type_info@@YAXXZ 004381c9 f   MSVCRT:tncleanup.obj
 0001:000371d8       __should_initialize_environment 004381d8 f   MSVCRT:env_mode.obj
 0001:000371db       __initialize_default_precision 004381db f   MSVCRT:default_precision.obj
 0001:00037204       __initialize_invalid_parameter_handler 00438204 f   MSVCRT:invalid_parameter_handler.obj
 0001:00037205       __initialize_denormal_control 00438205 f   MSVCRT:denormal_control.obj
 0001:00037206       ___scrt_initialize_default_local_stdio_options 00438206 f   MSVCRT:default_local_stdio_options.obj
 0001:0003722a       ___scrt_is_user_matherr_present 0043822a f   MSVCRT:matherr_detection.obj
 0001:00037239       ___scrt_get_dyn_tls_init_callback 00438239 f   MSVCRT:dyn_tls_init.obj
 0001:0003723f       ___scrt_get_dyn_tls_dtor_callback 0043823f f   MSVCRT:dyn_tls_dtor.obj
 0001:00037245       __RTC_Initialize           00438245 f   MSVCRT:_initsect_.obj
 0001:0003727a       __RTC_Terminate            0043827a f   MSVCRT:_initsect_.obj
 0001:000372af       ??3@YAXPAXI@Z              004382af f   MSVCRT:delete_scalar_size.obj
 0001:000372c0       ??1type_info@@UAE@XZ       004382c0 f   MSVCRT:std_type_info_static.obj
 0001:000372c7       ??_Etype_info@@UAEPAXI@Z   004382c7 f i MSVCRT:std_type_info_static.obj
 0001:000372c7       ??_Gtype_info@@UAEPAXI@Z   004382c7 f i MSVCRT:std_type_info_static.obj
 0001:000372f2       @_guard_check_icall_nop@4  004382f2 f i MSVCRT:guard_support.obj
 0001:000372f3       __guard_icall_checks_enforced 004382f3 f i MSVCRT:guard_support.obj
 0001:0003730a       _memmove                   0043830a f   vcruntime:VCRUNTIME140.dll
 0001:00037310       __CxxThrowException@8      00438310 f   vcruntime:VCRUNTIME140.dll
 0001:00037316       ___CxxFrameHandler3        00438316 f   vcruntime:VCRUNTIME140.dll
 0001:0003731c       _memcpy                    0043831c f   vcruntime:VCRUNTIME140.dll
 0001:00037322       _memset                    00438322 f   vcruntime:VCRUNTIME140.dll
 0001:00037328       _strstr                    00438328 f   vcruntime:VCRUNTIME140.dll
 0001:0003732e       ___std_exception_copy      0043832e f   vcruntime:VCRUNTIME140.dll
 0001:00037334       ___std_exception_destroy   00438334 f   vcruntime:VCRUNTIME140.dll
 0001:0003733a       __except_handler4_common   0043833a f   vcruntime:VCRUNTIME140.dll
 0001:00037340       ___std_type_info_destroy_list 00438340 f   vcruntime:VCRUNTIME140.dll
 0001:00037346       __invalid_parameter_noinfo_noreturn 00438346 f   ucrt:api-ms-win-crt-runtime-l1-1-0.dll
 0001:0003734c       _ldexp                     0043834c f   ucrt:api-ms-win-crt-math-l1-1-0.dll
 0001:00037352       _log2f                     00438352 f   ucrt:api-ms-win-crt-math-l1-1-0.dll
 0001:00037358       _free                      00438358 f   ucrt:api-ms-win-crt-heap-l1-1-0.dll
 0001:0003735e       _malloc                    0043835e f   ucrt:api-ms-win-crt-heap-l1-1-0.dll
 0001:00037364       _realloc                   00438364 f   ucrt:api-ms-win-crt-heap-l1-1-0.dll
 0001:0003736a       _strtol                    0043836a f   ucrt:api-ms-win-crt-convert-l1-1-0.dll
 0001:00037370       _fopen_s                   00438370 f   ucrt:api-ms-win-crt-stdio-l1-1-0.dll
 0001:00037376       _fclose                    00438376 f   ucrt:api-ms-win-crt-stdio-l1-1-0.dll
 0001:0003737c       _feof                      0043837c f   ucrt:api-ms-win-crt-stdio-l1-1-0.dll
 0001:00037382       _fread                     00438382 f   ucrt:api-ms-win-crt-stdio-l1-1-0.dll
 0001:00037388       _fseek                     00438388 f   ucrt:api-ms-win-crt-stdio-l1-1-0.dll
 0001:0003738e       _ftell                     0043838e f   ucrt:api-ms-win-crt-stdio-l1-1-0.dll
 0001:00037394       _strncmp                   00438394 f   ucrt:api-ms-win-crt-string-l1-1-0.dll
 0001:0003739a       __wassert                  0043839a f   ucrt:api-ms-win-crt-runtime-l1-1-0.dll
 0001:000373a0       __libm_sse2_cos_precise    004383a0 f   ucrt:api-ms-win-crt-math-l1-1-0.dll
 0001:000373a6       __libm_sse2_log_precise    004383a6 f   ucrt:api-ms-win-crt-math-l1-1-0.dll
 0001:000373ac       __libm_sse2_pow_precise    004383ac f   ucrt:api-ms-win-crt-math-l1-1-0.dll
 0001:000373b2       __libm_sse2_sin_precise    004383b2 f   ucrt:api-ms-win-crt-math-l1-1-0.dll
 0001:000373b8       __libm_sse2_sqrt_precise   004383b8 f   ucrt:api-ms-win-crt-math-l1-1-0.dll
 0001:000373be       _ceil                      004383be f   ucrt:api-ms-win-crt-math-l1-1-0.dll
 0001:000373c4       ___stdio_common_vsscanf    004383c4 f   ucrt:api-ms-win-crt-stdio-l1-1-0.dll
 0001:000373ca       _strlen                    004383ca f   ucrt:api-ms-win-crt-string-l1-1-0.dll
 0001:000373d0       _calloc                    004383d0 f   ucrt:api-ms-win-crt-heap-l1-1-0.dll
 0001:000373d6       ___stdio_common_vsprintf   004383d6 f   ucrt:api-ms-win-crt-stdio-l1-1-0.dll
 0001:000373dc       _strncpy                   004383dc f   ucrt:api-ms-win-crt-string-l1-1-0.dll
 0001:000373e2       _strcspn                   004383e2 f   ucrt:api-ms-win-crt-string-l1-1-0.dll
 0001:000373e8       _strspn                    004383e8 f   ucrt:api-ms-win-crt-string-l1-1-0.dll
 0001:000373ee       _strtoul                   004383ee f   ucrt:api-ms-win-crt-convert-l1-1-0.dll
 0001:000373f4       _qsort                     004383f4 f   ucrt:api-ms-win-crt-utility-l1-1-0.dll
 0001:000373fa       __callnewh                 004383fa f   ucrt:api-ms-win-crt-heap-l1-1-0.dll
 0001:00037400       __seh_filter_dll           00438400 f   ucrt:api-ms-win-crt-runtime-l1-1-0.dll
 0001:00037406       __configure_narrow_argv    00438406 f   ucrt:api-ms-win-crt-runtime-l1-1-0.dll
 0001:0003740c       __initialize_narrow_environment 0043840c f   ucrt:api-ms-win-crt-runtime-l1-1-0.dll
 0001:00037412       __initialize_onexit_table  00438412 f   ucrt:api-ms-win-crt-runtime-l1-1-0.dll
 0001:00037418       __register_onexit_function 00438418 f   ucrt:api-ms-win-crt-runtime-l1-1-0.dll
 0001:0003741e       __execute_onexit_table     0043841e f   ucrt:api-ms-win-crt-runtime-l1-1-0.dll
 0001:00037424       __crt_atexit               00438424 f   ucrt:api-ms-win-crt-runtime-l1-1-0.dll
 0001:0003742a       __crt_at_quick_exit        0043842a f   ucrt:api-ms-win-crt-runtime-l1-1-0.dll
 0001:00037430       __cexit                    00438430 f   ucrt:api-ms-win-crt-runtime-l1-1-0.dll
 0001:00037436       __seh_filter_exe           00438436 f   ucrt:api-ms-win-crt-runtime-l1-1-0.dll
 0001:0003743c       __set_app_type             0043843c f   ucrt:api-ms-win-crt-runtime-l1-1-0.dll
 0001:00037442       ___setusermatherr          00438442 f   ucrt:api-ms-win-crt-math-l1-1-0.dll
[...]
 0004:000000e8       __imp__GetCurrentThreadId@0 0046d0e8     kernel32:KERNEL32.dll
 0004:000000ec       __imp__GetSystemTimeAsFileTime@4 0046d0ec     kernel32:KERNEL32.dll
 0004:000000f0       __imp__QueryPerformanceFrequency@4 0046d0f0     kernel32:KERNEL32.dll
 0004:000000f4       __imp__TlsFree@4           0046d0f4     kernel32:KERNEL32.dll
 0004:000000f8       \177KERNEL32_NULL_THUNK_DATA 0046d0f8     kernel32:KERNEL32.dll
 0004:00000140       __imp_??6?$basic_ostream@DU?$char_traits@D@std@@@std@@QAEAAV01@M@Z 0046d140     msvcprt:MSVCP140.dll
 0004:00000144       __imp_?_Xbad_alloc@std@@YAXXZ 0046d144     msvcprt:MSVCP140.dll
 0004:00000148       __imp_?_Xlength_error@std@@YAXPBD@Z 0046d148     msvcprt:MSVCP140.dll
 0004:0000014c       __imp_?_Xout_of_range@std@@YAXPBD@Z 0046d14c     msvcprt:MSVCP140.dll
 0004:00000150       __imp_?good@ios_base@std@@QBE_NXZ 0046d150     msvcprt:MSVCP140.dll
 0004:00000154       __imp_?cout@std@@3V?$basic_ostream@DU?$char_traits@D@std@@@1@A 0046d154     msvcprt:MSVCP140.dll
 0004:00000158       __imp_?_Random_device@std@@YAIXZ 0046d158     msvcprt:MSVCP140.dll
 0004:0000015c       __imp_?flush@?$basic_ostream@DU?$char_traits@D@std@@@std@@QAEAAV12@XZ 0046d15c     msvcprt:MSVCP140.dll
 0004:00000160       __imp_?put@?$basic_ostream@DU?$char_traits@D@std@@@std@@QAEAAV12@D@Z 0046d160     msvcprt:MSVCP140.dll
 0004:00000164       __imp_?flags@ios_base@std@@QBEHXZ 0046d164     msvcprt:MSVCP140.dll
 0004:00000168       __imp_??6?$basic_ostream@DU?$char_traits@D@std@@@std@@QAEAAV01@H@Z 0046d168     msvcprt:MSVCP140.dll
 0004:0000016c       __imp_??6?$basic_ostream@DU?$char_traits@D@std@@@std@@QAEAAV01@P6AAAV01@AAV01@@Z@Z 0046d16c     msvcprt:MSVCP140.dll
 0004:00000170       __imp_?_Osfx@?$basic_ostream@DU?$char_traits@D@std@@@std@@QAEXXZ 0046d170     msvcprt:MSVCP140.dll
 0004:00000174       __imp_?widen@?$basic_ios@DU?$char_traits@D@std@@@std@@QBEDD@Z 0046d174     msvcprt:MSVCP140.dll
 0004:00000178       __imp_?fill@?$basic_ios@DU?$char_traits@D@std@@@std@@QBEDXZ 0046d178     msvcprt:MSVCP140.dll
 0004:0000017c       __imp_?rdbuf@?$basic_ios@DU?$char_traits@D@std@@@std@@QBEPAV?$basic_streambuf@DU?$char_traits@D@std@@@2@XZ 0046d17c     msvcprt:MSVCP140.dll
 0004:00000180       __imp_?tie@?$basic_ios@DU?$char_traits@D@std@@@std@@QBEPAV?$basic_ostream@DU?$char_traits@D@std@@@2@XZ 0046d180     msvcprt:MSVCP140.dll
 0004:00000184       __imp_?setstate@?$basic_ios@DU?$char_traits@D@std@@@std@@QAEXH_N@Z 0046d184     msvcprt:MSVCP140.dll
 0004:00000188       __imp_?sputn@?$basic_streambuf@DU?$char_traits@D@std@@@std@@QAE_JPBD_J@Z 0046d188     msvcprt:MSVCP140.dll
 0004:0000018c       __imp_?sputc@?$basic_streambuf@DU?$char_traits@D@std@@@std@@QAEHD@Z 0046d18c     msvcprt:MSVCP140.dll
 0004:00000190       __imp_?width@ios_base@std@@QAE_J_J@Z 0046d190     msvcprt:MSVCP140.dll
 0004:00000194       __imp_?width@ios_base@std@@QBE_JXZ 0046d194     msvcprt:MSVCP140.dll
 0004:00000198       __imp_?precision@ios_base@std@@QAE_J_J@Z 0046d198     msvcprt:MSVCP140.dll
 0004:0000019c       __imp_?uncaught_exception@std@@YA_NXZ 0046d19c     msvcprt:MSVCP140.dll
 0004:000001a0       \177MSVCP140_NULL_THUNK_DATA 0046d1a0     msvcprt:MSVCP140.dll
 0004:000001dc       __imp__DragAcceptFiles@8   0046d1dc     shell32:SHELL32.dll
 0004:000001e0       __imp__DragFinish@4        0046d1e0     shell32:SHELL32.dll
 0004:000001e4       __imp__DragQueryPoint@8    0046d1e4     shell32:SHELL32.dll
 0004:000001e8       __imp__DragQueryFileW@16   0046d1e8     shell32:SHELL32.dll
 0004:000001ec       \177SHELL32_NULL_THUNK_DATA 0046d1ec     shell32:SHELL32.dll
 0004:00000218       __imp__MonitorFromWindow@8 0046d218     user32:USER32.dll
 0004:0000021c       __imp__GetRawInputData@20  0046d21c     user32:USER32.dll
 0004:00000220       __imp__RegisterRawInputDevices@12 0046d220     user32:USER32.dll
 0004:00000224       __imp__GetRawInputDeviceInfoA@16 0046d224     user32:USER32.dll
 0004:00000228       __imp__GetRawInputDeviceList@12 0046d228     user32:USER32.dll
 0004:0000022c       __imp__GetKeyState@4       0046d22c     user32:USER32.dll
 0004:00000230       __imp__GetActiveWindow@0   0046d230     user32:USER32.dll
 0004:00000234       __imp__SetFocus@4          0046d234     user32:USER32.dll
 0004:00000238       __imp__EmptyClipboard@0    0046d238     user32:USER32.dll
 0004:0000023c       __imp__GetClipboardData@4  0046d23c     user32:USER32.dll
 0004:00000240       __imp__SetClipboardData@8  0046d240     user32:USER32.dll
 0004:00000244       __imp__CloseClipboard@0    0046d244     user32:USER32.dll
 0004:00000248       __imp__OpenClipboard@4     0046d248     user32:USER32.dll
 0004:0000024c       __imp__IsZoomed@4          0046d24c     user32:USER32.dll
 0004:00000250       __imp__BringWindowToTop@4  0046d250     user32:USER32.dll
 0004:00000254       __imp__IsIconic@4          0046d254     user32:USER32.dll
 0004:00000258       __imp__IsWindowVisible@4   0046d258     user32:USER32.dll
 0004:0000025c       __imp__SetWindowPlacement@8 0046d25c     user32:USER32.dll
 0004:00000260       __imp__GetWindowPlacement@8 0046d260     user32:USER32.dll
 0004:00000264       __imp__SetWindowPos@28     0046d264     user32:USER32.dll
 0004:00000268       __imp__MoveWindow@24       0046d268     user32:USER32.dll
 0004:0000026c       __imp__FlashWindow@8       0046d26c     user32:USER32.dll
 0004:00000270       __imp__SetLayeredWindowAttributes@16 0046d270     user32:USER32.dll
 0004:00000274       __imp__GetLayeredWindowAttributes@16 0046d274     user32:USER32.dll
 0004:00000278       __imp__RegisterClassExW@4  0046d278     user32:USER32.dll
 0004:0000027c       __imp__UnregisterClassW@8  0046d27c     user32:USER32.dll
 0004:00000280       __imp__DefWindowProcW@16   0046d280     user32:USER32.dll
 0004:00000284       __imp__WaitMessage@0       0046d284     user32:USER32.dll
 0004:00000288       __imp__PostMessageW@16     0046d288     user32:USER32.dll
 0004:0000028c       __imp__SendMessageW@16     0046d28c     user32:USER32.dll
 0004:00000290       __imp__GetMessageTime@0    0046d290     user32:USER32.dll
 0004:00000294       __imp__TrackMouseEvent@4   0046d294     user32:USER32.dll
 0004:00000298       __imp__EnumDisplayMonitors@16 0046d298     user32:USER32.dll
 0004:0000029c       __imp__GetMonitorInfoW@8   0046d29c     user32:USER32.dll
 0004:000002a0       __imp__EnumDisplayDevicesW@16 0046d2a0     user32:USER32.dll
 0004:000002a4       __imp__EnumDisplaySettingsExW@16 0046d2a4     user32:USER32.dll
 0004:000002a8       __imp__EnumDisplaySettingsW@12 0046d2a8     user32:USER32.dll
 0004:000002ac       __imp__ChangeDisplaySettingsExW@20 0046d2ac     user32:USER32.dll
 0004:000002b0       __imp__ReleaseDC@8         0046d2b0     user32:USER32.dll
 0004:000002b4       __imp__GetDC@4             0046d2b4     user32:USER32.dll
 0004:000002b8       __imp__SystemParametersInfoW@16 0046d2b8     user32:USER32.dll
 0004:000002bc       __imp__MapVirtualKeyW@8    0046d2bc     user32:USER32.dll
 0004:000002c0       __imp__ToUnicode@24        0046d2c0     user32:USER32.dll
 0004:000002c4       __imp__ShowWindow@8        0046d2c4     user32:USER32.dll
 0004:000002c8       __imp__DestroyWindow@4     0046d2c8     user32:USER32.dll
 0004:000002cc       __imp__CreateIconIndirect@4 0046d2cc     user32:USER32.dll
 0004:000002d0       __imp__LoadImageW@24       0046d2d0     user32:USER32.dll
 0004:000002d4       __imp__DestroyIcon@4       0046d2d4     user32:USER32.dll
 0004:000002d8       __imp__LoadCursorW@8       0046d2d8     user32:USER32.dll
 0004:000002dc       __imp__GetClassLongW@8     0046d2dc     user32:USER32.dll
 0004:000002e0       __imp__SetWindowLongW@12   0046d2e0     user32:USER32.dll
 0004:000002e4       __imp__GetWindowLongW@8    0046d2e4     user32:USER32.dll
 0004:000002e8       __imp__PtInRect@12         0046d2e8     user32:USER32.dll
 0004:000002ec       __imp__SetRect@20          0046d2ec     user32:USER32.dll
 0004:000002f0       __imp__ClipCursor@4        0046d2f0     user32:USER32.dll
 0004:000002f4       __imp__WindowFromPoint@8   0046d2f4     user32:USER32.dll
 0004:000002f8       __imp__ScreenToClient@8    0046d2f8     user32:USER32.dll
 0004:000002fc       __imp__ClientToScreen@8    0046d2fc     user32:USER32.dll
 0004:00000300       __imp__GetCursorPos@4      0046d300     user32:USER32.dll
 0004:00000304       __imp__SetCursor@4         0046d304     user32:USER32.dll
 0004:00000308       __imp__SetCursorPos@8      0046d308     user32:USER32.dll
 0004:0000030c       __imp__AdjustWindowRectEx@16 0046d30c     user32:USER32.dll
 0004:00000310       __imp__GetWindowRect@8     0046d310     user32:USER32.dll
 0004:00000314       __imp__GetClientRect@8     0046d314     user32:USER32.dll
 0004:00000318       __imp__SetWindowTextW@8    0046d318     user32:USER32.dll
 0004:0000031c       __imp__RemovePropW@8       0046d31c     user32:USER32.dll
 0004:00000320       __imp__GetPropW@8          0046d320     user32:USER32.dll
 0004:00000324       __imp__SetPropW@12         0046d324     user32:USER32.dll
 0004:00000328       __imp__RedrawWindow@16     0046d328     user32:USER32.dll
 0004:0000032c       __imp__SetForegroundWindow@4 0046d32c     user32:USER32.dll
 0004:00000330       __imp__SetCapture@4        0046d330     user32:USER32.dll
 0004:00000334       __imp__ReleaseCapture@0    0046d334     user32:USER32.dll
 0004:00000338       __imp__MsgWaitForMultipleObjects@20 0046d338     user32:USER32.dll
 0004:0000033c       __imp__GetSystemMetrics@4  0046d33c     user32:USER32.dll
 0004:00000340       __imp__TranslateMessage@4  0046d340     user32:USER32.dll
 0004:00000344       __imp__DispatchMessageW@4  0046d344     user32:USER32.dll
 0004:00000348       __imp__PeekMessageW@20     0046d348     user32:USER32.dll
 0004:0000034c       __imp__RegisterDeviceNotificationW@12 0046d34c     user32:USER32.dll
 0004:00000350       __imp__UnregisterDeviceNotification@4 0046d350     user32:USER32.dll
 0004:00000354       __imp__GetAsyncKeyState@4  0046d354     user32:USER32.dll
 0004:00000358       __imp__CreateWindowExW@48  0046d358     user32:USER32.dll
 0004:0000035c       \177USER32_NULL_THUNK_DATA 0046d35c     user32:USER32.dll
 0004:000003c8       __imp____std_type_info_destroy_list 0046d3c8     vcruntime:VCRUNTIME140.dll
 0004:000003cc       __imp__strstr              0046d3cc     vcruntime:VCRUNTIME140.dll
 0004:000003d0       __imp__memset              0046d3d0     vcruntime:VCRUNTIME140.dll
 0004:000003d4       __imp___except_handler4_common 0046d3d4     vcruntime:VCRUNTIME140.dll
 0004:000003d8       __imp____std_exception_destroy 0046d3d8     vcruntime:VCRUNTIME140.dll
 0004:000003dc       __imp__memcpy              0046d3dc     vcruntime:VCRUNTIME140.dll
 0004:000003e0       __imp__memmove             0046d3e0     vcruntime:VCRUNTIME140.dll
 0004:000003e4       __imp___CxxThrowException@8 0046d3e4     vcruntime:VCRUNTIME140.dll
 0004:000003e8       __imp____CxxFrameHandler3  0046d3e8     vcruntime:VCRUNTIME140.dll
 0004:000003ec       __imp____std_exception_copy 0046d3ec     vcruntime:VCRUNTIME140.dll
 0004:000003f0       \177VCRUNTIME140_NULL_THUNK_DATA 0046d3f0     vcruntime:VCRUNTIME140.dll
 0004:00000424       __imp__strtoul             0046d424     ucrt:api-ms-win-crt-convert-l1-1-0.dll
 0004:00000428       __imp__strtol              0046d428     ucrt:api-ms-win-crt-convert-l1-1-0.dll
 0004:0000042c       \177api-ms-win-crt-convert-l1-1-0_NULL_THUNK_DATA 0046d42c     ucrt:api-ms-win-crt-convert-l1-1-0.dll
 0004:00000458       __imp___set_new_mode       0046d458     ucrt:api-ms-win-crt-heap-l1-1-0.dll
 0004:0000045c       __imp___callnewh           0046d45c     ucrt:api-ms-win-crt-heap-l1-1-0.dll
 0004:00000460       __imp__free                0046d460     ucrt:api-ms-win-crt-heap-l1-1-0.dll
 0004:00000464       __imp__calloc              0046d464     ucrt:api-ms-win-crt-heap-l1-1-0.dll
 0004:00000468       __imp__malloc              0046d468     ucrt:api-ms-win-crt-heap-l1-1-0.dll
 0004:0000046c       __imp__realloc             0046d46c     ucrt:api-ms-win-crt-heap-l1-1-0.dll
 0004:00000470       \177api-ms-win-crt-heap-l1-1-0_NULL_THUNK_DATA 0046d470     ucrt:api-ms-win-crt-heap-l1-1-0.dll
 0004:000004a0       __imp___configthreadlocale 0046d4a0     ucrt:api-ms-win-crt-locale-l1-1-0.dll
 0004:000004a4       \177api-ms-win-crt-locale-l1-1-0_NULL_THUNK_DATA 0046d4a4     ucrt:api-ms-win-crt-locale-l1-1-0.dll
 0004:000004d0       __imp___libm_sse2_pow_precise 0046d4d0     ucrt:api-ms-win-crt-math-l1-1-0.dll
 0004:000004d4       __imp___libm_sse2_sin_precise 0046d4d4     ucrt:api-ms-win-crt-math-l1-1-0.dll
 0004:000004d8       __imp___libm_sse2_sqrt_precise 0046d4d8     ucrt:api-ms-win-crt-math-l1-1-0.dll
 0004:000004dc       __imp__log2f               0046d4dc     ucrt:api-ms-win-crt-math-l1-1-0.dll
 0004:000004e0       __imp___libm_sse2_log_precise 0046d4e0     ucrt:api-ms-win-crt-math-l1-1-0.dll
 0004:000004e4       __imp__ldexp               0046d4e4     ucrt:api-ms-win-crt-math-l1-1-0.dll
 0004:000004e8       __imp___libm_sse2_cos_precise 0046d4e8     ucrt:api-ms-win-crt-math-l1-1-0.dll
 0004:000004ec       __imp__ceil                0046d4ec     ucrt:api-ms-win-crt-math-l1-1-0.dll
 0004:000004f0       __imp____setusermatherr    0046d4f0     ucrt:api-ms-win-crt-math-l1-1-0.dll
 0004:000004f4       __imp___except1            0046d4f4     ucrt:api-ms-win-crt-math-l1-1-0.dll
 0004:000004f8       \177api-ms-win-crt-math-l1-1-0_NULL_THUNK_DATA 0046d4f8     ucrt:api-ms-win-crt-math-l1-1-0.dll
 0004:0000052c       __imp___initialize_narrow_environment 0046d52c     ucrt:api-ms-win-crt-runtime-l1-1-0.dll
 0004:00000530       __imp___register_onexit_function 0046d530     ucrt:api-ms-win-crt-runtime-l1-1-0.dll
 0004:00000534       __imp___execute_onexit_table 0046d534     ucrt:api-ms-win-crt-runtime-l1-1-0.dll
 0004:00000538       __imp___crt_atexit         0046d538     ucrt:api-ms-win-crt-runtime-l1-1-0.dll
 0004:0000053c       __imp___crt_at_quick_exit  0046d53c     ucrt:api-ms-win-crt-runtime-l1-1-0.dll
 0004:00000540       __imp___cexit              0046d540     ucrt:api-ms-win-crt-runtime-l1-1-0.dll
 0004:00000544       __imp___seh_filter_exe     0046d544     ucrt:api-ms-win-crt-runtime-l1-1-0.dll
 0004:00000548       __imp___set_app_type       0046d548     ucrt:api-ms-win-crt-runtime-l1-1-0.dll
 0004:0000054c       __imp___configure_narrow_argv 0046d54c     ucrt:api-ms-win-crt-runtime-l1-1-0.dll
 0004:00000550       __imp___get_initial_narrow_environment 0046d550     ucrt:api-ms-win-crt-runtime-l1-1-0.dll
 0004:00000554       __imp___initterm           0046d554     ucrt:api-ms-win-crt-runtime-l1-1-0.dll
 0004:00000558       __imp___initterm_e         0046d558     ucrt:api-ms-win-crt-runtime-l1-1-0.dll
 0004:0000055c       __imp__exit                0046d55c     ucrt:api-ms-win-crt-runtime-l1-1-0.dll
 0004:00000560       __imp___exit               0046d560     ucrt:api-ms-win-crt-runtime-l1-1-0.dll
 0004:00000564       __imp____p___argc          0046d564     ucrt:api-ms-win-crt-runtime-l1-1-0.dll
 0004:00000568       __imp____p___argv          0046d568     ucrt:api-ms-win-crt-runtime-l1-1-0.dll
 0004:0000056c       __imp___c_exit             0046d56c     ucrt:api-ms-win-crt-runtime-l1-1-0.dll
 0004:00000570       __imp___register_thread_local_exe_atexit_callback 0046d570     ucrt:api-ms-win-crt-runtime-l1-1-0.dll
 0004:00000574       __imp___seh_filter_dll     0046d574     ucrt:api-ms-win-crt-runtime-l1-1-0.dll
 0004:00000578       __imp___initialize_onexit_table 0046d578     ucrt:api-ms-win-crt-runtime-l1-1-0.dll
 0004:0000057c       __imp___controlfp_s        0046d57c     ucrt:api-ms-win-crt-runtime-l1-1-0.dll
 0004:00000580       __imp___wassert            0046d580     ucrt:api-ms-win-crt-runtime-l1-1-0.dll
 0004:00000584       __imp__terminate           0046d584     ucrt:api-ms-win-crt-runtime-l1-1-0.dll
 0004:00000588       __imp___invalid_parameter_noinfo_noreturn 0046d588     ucrt:api-ms-win-crt-runtime-l1-1-0.dll
 0004:0000058c       \177api-ms-win-crt-runtime-l1-1-0_NULL_THUNK_DATA 0046d58c     ucrt:api-ms-win-crt-runtime-l1-1-0.dll
 0004:000005c8       __imp___set_fmode          0046d5c8     ucrt:api-ms-win-crt-stdio-l1-1-0.dll
 0004:000005cc       __imp__fopen_s             0046d5cc     ucrt:api-ms-win-crt-stdio-l1-1-0.dll
 0004:000005d0       __imp__fclose              0046d5d0     ucrt:api-ms-win-crt-stdio-l1-1-0.dll
 0004:000005d4       __imp__feof                0046d5d4     ucrt:api-ms-win-crt-stdio-l1-1-0.dll
 0004:000005d8       __imp__fread               0046d5d8     ucrt:api-ms-win-crt-stdio-l1-1-0.dll
 0004:000005dc       __imp__fseek               0046d5dc     ucrt:api-ms-win-crt-stdio-l1-1-0.dll
 0004:000005e0       __imp__ftell               0046d5e0     ucrt:api-ms-win-crt-stdio-l1-1-0.dll
 0004:000005e4       __imp____stdio_common_vsprintf 0046d5e4     ucrt:api-ms-win-crt-stdio-l1-1-0.dll
 0004:000005e8       __imp____p__commode        0046d5e8     ucrt:api-ms-win-crt-stdio-l1-1-0.dll
 0004:000005ec       __imp____stdio_common_vsscanf 0046d5ec     ucrt:api-ms-win-crt-stdio-l1-1-0.dll
 0004:000005f0       \177api-ms-win-crt-stdio-l1-1-0_NULL_THUNK_DATA 0046d5f0     ucrt:api-ms-win-crt-stdio-l1-1-0.dll
 0004:00000624       __imp__strncpy             0046d624     ucrt:api-ms-win-crt-string-l1-1-0.dll
 0004:00000628       __imp__strlen              0046d628     ucrt:api-ms-win-crt-string-l1-1-0.dll
 0004:0000062c       __imp__strcspn             0046d62c     ucrt:api-ms-win-crt-string-l1-1-0.dll
 0004:00000630       __imp__strspn              0046d630     ucrt:api-ms-win-crt-string-l1-1-0.dll
 0004:00000634       __imp__strncmp             0046d634     ucrt:api-ms-win-crt-string-l1-1-0.dll
 0004:00000638       \177api-ms-win-crt-string-l1-1-0_NULL_THUNK_DATA 0046d638     ucrt:api-ms-win-crt-string-l1-1-0.dll
 0004:00000668       __imp__qsort               0046d668     ucrt:api-ms-win-crt-utility-l1-1-0.dll
 0004:0000066c       \177api-ms-win-crt-utility-l1-1-0_NULL_THUNK_DATA 0046d66c     ucrt:api-ms-win-crt-utility-l1-1-0.dll
 0004:00000698       __IMPORT_DESCRIPTOR_SHELL32 0046d698     shell32:SHELL32.dll
 0004:000006ac       __IMPORT_DESCRIPTOR_USER32 0046d6ac     user32:USER32.dll
 0004:000006c0       __IMPORT_DESCRIPTOR_GDI32  0046d6c0     gdi32:GDI32.dll
 0004:000006d4       __IMPORT_DESCRIPTOR_KERNEL32 0046d6d4     kernel32:KERNEL32.dll
 0004:000006e8       __IMPORT_DESCRIPTOR_MSVCP140 0046d6e8     msvcprt:MSVCP140.dll
 0004:000006fc       __IMPORT_DESCRIPTOR_VCRUNTIME140 0046d6fc     vcruntime:VCRUNTIME140.dll
 0004:00000710       __IMPORT_DESCRIPTOR_api-ms-win-crt-runtime-l1-1-0 0046d710     ucrt:api-ms-win-crt-runtime-l1-1-0.dll
 0004:00000724       __IMPORT_DESCRIPTOR_api-ms-win-crt-math-l1-1-0 0046d724     ucrt:api-ms-win-crt-math-l1-1-0.dll
 0004:00000738       __IMPORT_DESCRIPTOR_api-ms-win-crt-heap-l1-1-0 0046d738     ucrt:api-ms-win-crt-heap-l1-1-0.dll
 0004:0000074c       __IMPORT_DESCRIPTOR_api-ms-win-crt-convert-l1-1-0 0046d74c     ucrt:api-ms-win-crt-convert-l1-1-0.dll
 0004:00000760       __IMPORT_DESCRIPTOR_api-ms-win-crt-stdio-l1-1-0 0046d760     ucrt:api-ms-win-crt-stdio-l1-1-0.dll
 0004:00000774       __IMPORT_DESCRIPTOR_api-ms-win-crt-string-l1-1-0 0046d774     ucrt:api-ms-win-crt-string-l1-1-0.dll
 0004:00000788       __IMPORT_DESCRIPTOR_api-ms-win-crt-utility-l1-1-0 0046d788     ucrt:api-ms-win-crt-utility-l1-1-0.dll
 0004:0000079c       __IMPORT_DESCRIPTOR_api-ms-win-crt-locale-l1-1-0 0046d79c     ucrt:api-ms-win-crt-locale-l1-1-0.dll
 0004:000007b0       __NULL_IMPORT_DESCRIPTOR   0046d7b0     shell32:SHELL32.dll
 0006:00000000       ___guard_check_icall_fptr  00471000     MSVCRT:guard_support.obj
